<?xml version="1.0" encoding="ISO-8859-1" ?>
<link_info>
   <banner>MSP430 Linker PC v18.1.2.LTS</banner>
   <copyright>Copyright (c) 2003-2017 Texas Instruments Incorporated</copyright>
   <link_time>0x5b2ebd29</link_time>
   <link_errors>0x0</link_errors>
   <output_file>MicroTeste.out</output_file>
   <entry_point>
      <name>_c_int00_noargs</name>
      <address>0xcd2e</address>
   </entry_point>
   <input_file_list>
      <input_file id="fl-2">
         <path>.\</path>
         <kind>object</kind>
         <file>BasicsFuncs.obj</file>
         <name>BasicsFuncs.obj</name>
      </input_file>
      <input_file id="fl-3">
         <path>.\</path>
         <kind>object</kind>
         <file>Rc522.obj</file>
         <name>Rc522.obj</name>
      </input_file>
      <input_file id="fl-4">
         <path>.\</path>
         <kind>object</kind>
         <file>Serial_SPI.obj</file>
         <name>Serial_SPI.obj</name>
      </input_file>
      <input_file id="fl-5">
         <path>.\</path>
         <kind>object</kind>
         <file>Serial_UART.obj</file>
         <name>Serial_UART.obj</name>
      </input_file>
      <input_file id="fl-6">
         <path>.\</path>
         <kind>object</kind>
         <file>main.obj</file>
         <name>main.obj</name>
      </input_file>
      <input_file id="fl-b">
         <kind>object</kind>
         <file>&lt;internal&gt;</file>
         <name>&lt;internal&gt;</name>
      </input_file>
      <input_file id="fl-21">
         <path>C:\ti\ccsv8\tools\compiler\ti-cgt-msp430_18.1.2.LTS\lib\</path>
         <kind>archive</kind>
         <file>rts430_eabi.lib</file>
         <name>new.cpp.obj</name>
      </input_file>
      <input_file id="fl-22">
         <path>C:\ti\ccsv8\tools\compiler\ti-cgt-msp430_18.1.2.LTS\lib\</path>
         <kind>archive</kind>
         <file>rts430_eabi.lib</file>
         <name>div32u.asm.obj</name>
      </input_file>
      <input_file id="fl-23">
         <path>C:\ti\ccsv8\tools\compiler\ti-cgt-msp430_18.1.2.LTS\lib\</path>
         <kind>archive</kind>
         <file>rts430_eabi.lib</file>
         <name>epilog.asm.obj</name>
      </input_file>
      <input_file id="fl-24">
         <path>C:\ti\ccsv8\tools\compiler\ti-cgt-msp430_18.1.2.LTS\lib\</path>
         <kind>archive</kind>
         <file>rts430_eabi.lib</file>
         <name>int00.asm.obj</name>
      </input_file>
      <input_file id="fl-25">
         <path>C:\ti\ccsv8\tools\compiler\ti-cgt-msp430_18.1.2.LTS\lib\</path>
         <kind>archive</kind>
         <file>rts430_eabi.lib</file>
         <name>int02.asm.obj</name>
      </input_file>
      <input_file id="fl-26">
         <path>C:\ti\ccsv8\tools\compiler\ti-cgt-msp430_18.1.2.LTS\lib\</path>
         <kind>archive</kind>
         <file>rts430_eabi.lib</file>
         <name>int03.asm.obj</name>
      </input_file>
      <input_file id="fl-27">
         <path>C:\ti\ccsv8\tools\compiler\ti-cgt-msp430_18.1.2.LTS\lib\</path>
         <kind>archive</kind>
         <file>rts430_eabi.lib</file>
         <name>int05.asm.obj</name>
      </input_file>
      <input_file id="fl-28">
         <path>C:\ti\ccsv8\tools\compiler\ti-cgt-msp430_18.1.2.LTS\lib\</path>
         <kind>archive</kind>
         <file>rts430_eabi.lib</file>
         <name>int08.asm.obj</name>
      </input_file>
      <input_file id="fl-29">
         <path>C:\ti\ccsv8\tools\compiler\ti-cgt-msp430_18.1.2.LTS\lib\</path>
         <kind>archive</kind>
         <file>rts430_eabi.lib</file>
         <name>int09.asm.obj</name>
      </input_file>
      <input_file id="fl-2a">
         <path>C:\ti\ccsv8\tools\compiler\ti-cgt-msp430_18.1.2.LTS\lib\</path>
         <kind>archive</kind>
         <file>rts430_eabi.lib</file>
         <name>int10.asm.obj</name>
      </input_file>
      <input_file id="fl-2b">
         <path>C:\ti\ccsv8\tools\compiler\ti-cgt-msp430_18.1.2.LTS\lib\</path>
         <kind>archive</kind>
         <file>rts430_eabi.lib</file>
         <name>int11.asm.obj</name>
      </input_file>
      <input_file id="fl-2c">
         <path>C:\ti\ccsv8\tools\compiler\ti-cgt-msp430_18.1.2.LTS\lib\</path>
         <kind>archive</kind>
         <file>rts430_eabi.lib</file>
         <name>int12.asm.obj</name>
      </input_file>
      <input_file id="fl-2d">
         <path>C:\ti\ccsv8\tools\compiler\ti-cgt-msp430_18.1.2.LTS\lib\</path>
         <kind>archive</kind>
         <file>rts430_eabi.lib</file>
         <name>int13.asm.obj</name>
      </input_file>
      <input_file id="fl-2e">
         <path>C:\ti\ccsv8\tools\compiler\ti-cgt-msp430_18.1.2.LTS\lib\</path>
         <kind>archive</kind>
         <file>rts430_eabi.lib</file>
         <name>int14.asm.obj</name>
      </input_file>
      <input_file id="fl-2f">
         <path>C:\ti\ccsv8\tools\compiler\ti-cgt-msp430_18.1.2.LTS\lib\</path>
         <kind>archive</kind>
         <file>rts430_eabi.lib</file>
         <name>isr_trap.asm.obj</name>
      </input_file>
      <input_file id="fl-30">
         <path>C:\ti\ccsv8\tools\compiler\ti-cgt-msp430_18.1.2.LTS\lib\</path>
         <kind>archive</kind>
         <file>rts430_eabi.lib</file>
         <name>lsl16.asm.obj</name>
      </input_file>
      <input_file id="fl-31">
         <path>C:\ti\ccsv8\tools\compiler\ti-cgt-msp430_18.1.2.LTS\lib\</path>
         <kind>archive</kind>
         <file>rts430_eabi.lib</file>
         <name>mult16.asm.obj</name>
      </input_file>
      <input_file id="fl-32">
         <path>C:\ti\ccsv8\tools\compiler\ti-cgt-msp430_18.1.2.LTS\lib\</path>
         <kind>archive</kind>
         <file>rts430_eabi.lib</file>
         <name>boot.c.obj</name>
      </input_file>
      <input_file id="fl-33">
         <path>C:\ti\ccsv8\tools\compiler\ti-cgt-msp430_18.1.2.LTS\lib\</path>
         <kind>archive</kind>
         <file>rts430_eabi.lib</file>
         <name>autoinit.c.obj</name>
      </input_file>
      <input_file id="fl-34">
         <path>C:\ti\ccsv8\tools\compiler\ti-cgt-msp430_18.1.2.LTS\lib\</path>
         <kind>archive</kind>
         <file>rts430_eabi.lib</file>
         <name>copy_zero_init.c.obj</name>
      </input_file>
      <input_file id="fl-35">
         <path>C:\ti\ccsv8\tools\compiler\ti-cgt-msp430_18.1.2.LTS\lib\</path>
         <kind>archive</kind>
         <file>rts430_eabi.lib</file>
         <name>cpy_tbl.c.obj</name>
      </input_file>
      <input_file id="fl-36">
         <path>C:\ti\ccsv8\tools\compiler\ti-cgt-msp430_18.1.2.LTS\lib\</path>
         <kind>archive</kind>
         <file>rts430_eabi.lib</file>
         <name>mpu_init.c.obj</name>
      </input_file>
      <input_file id="fl-37">
         <path>C:\ti\ccsv8\tools\compiler\ti-cgt-msp430_18.1.2.LTS\lib\</path>
         <kind>archive</kind>
         <file>rts430_eabi.lib</file>
         <name>pre_init.c.obj</name>
      </input_file>
      <input_file id="fl-38">
         <path>C:\ti\ccsv8\tools\compiler\ti-cgt-msp430_18.1.2.LTS\lib\</path>
         <kind>archive</kind>
         <file>rts430_eabi.lib</file>
         <name>startup.c.obj</name>
      </input_file>
      <input_file id="fl-39">
         <path>C:\ti\ccsv8\tools\compiler\ti-cgt-msp430_18.1.2.LTS\lib\</path>
         <kind>archive</kind>
         <file>rts430_eabi.lib</file>
         <name>copy_decompress_none.c.obj</name>
      </input_file>
      <input_file id="fl-3a">
         <path>C:\ti\ccsv8\tools\compiler\ti-cgt-msp430_18.1.2.LTS\lib\</path>
         <kind>archive</kind>
         <file>rts430_eabi.lib</file>
         <name>copy_decompress_lzss.c.obj</name>
      </input_file>
      <input_file id="fl-3b">
         <path>C:\ti\ccsv8\tools\compiler\ti-cgt-msp430_18.1.2.LTS\lib\</path>
         <kind>archive</kind>
         <file>rts430_eabi.lib</file>
         <name>exit.c.obj</name>
      </input_file>
      <input_file id="fl-3c">
         <path>C:\ti\ccsv8\tools\compiler\ti-cgt-msp430_18.1.2.LTS\lib\</path>
         <kind>archive</kind>
         <file>rts430_eabi.lib</file>
         <name>memory.c.obj</name>
      </input_file>
      <input_file id="fl-3d">
         <path>C:\ti\ccsv8\tools\compiler\ti-cgt-msp430_18.1.2.LTS\lib\</path>
         <kind>archive</kind>
         <file>rts430_eabi.lib</file>
         <name>_lock.c.obj</name>
      </input_file>
      <input_file id="fl-3e">
         <path>C:\ti\ccsv8\tools\compiler\ti-cgt-msp430_18.1.2.LTS\lib\</path>
         <kind>archive</kind>
         <file>rts430_eabi.lib</file>
         <name>args_main.c.obj</name>
      </input_file>
      <input_file id="fl-3f">
         <path>C:\ti\ccsv8\tools\compiler\ti-cgt-msp430_18.1.2.LTS\lib\</path>
         <kind>archive</kind>
         <file>rts430_eabi.lib</file>
         <name>memcpy.c.obj</name>
      </input_file>
      <input_file id="fl-40">
         <path>C:\ti\ccsv8\tools\compiler\ti-cgt-msp430_18.1.2.LTS\lib\</path>
         <kind>archive</kind>
         <file>rts430_eabi.lib</file>
         <name>memset.c.obj</name>
      </input_file>
      <input_file id="fl-41">
         <path>C:\ti\ccsv8\tools\compiler\ti-cgt-msp430_18.1.2.LTS\lib\</path>
         <kind>archive</kind>
         <file>rts430_eabi.lib</file>
         <name>strcpy.c.obj</name>
      </input_file>
      <input_file id="fl-42">
         <path>C:\ti\ccsv8\tools\compiler\ti-cgt-msp430_18.1.2.LTS\lib\</path>
         <kind>archive</kind>
         <file>rts430_eabi.lib</file>
         <name>lsr16.asm.obj</name>
      </input_file>
      <input_file id="fl-43">
         <path>C:\ti\ccsv8\tools\compiler\ti-cgt-msp430_18.1.2.LTS\lib\</path>
         <kind>archive</kind>
         <file>rts430_eabi.lib</file>
         <name>exit_gvars.c.obj</name>
      </input_file>
   </input_file_list>
   <object_component_list>
      <object_component id="oc-183">
         <name>.bss:rc522</name>
         <uninitialized>true</uninitialized>
         <run_address>0x282</run_address>
         <size>0x4</size>
         <input_file_ref idref="fl-6"/>
      </object_component>
      <object_component id="oc-384">
         <name>.bss</name>
         <uninitialized>true</uninitialized>
         <run_address>0x286</run_address>
         <size>0x2</size>
         <input_file_ref idref="fl-21"/>
      </object_component>
      <object_component id="oc-3ad">
         <name>.bss</name>
         <uninitialized>true</uninitialized>
         <run_address>0x276</run_address>
         <size>0x6</size>
         <input_file_ref idref="fl-3c"/>
      </object_component>
      <object_component id="oc-1ca">
         <name>.common:Serial_SPI</name>
         <uninitialized>true</uninitialized>
         <run_address>0x288</run_address>
         <size>0x1</size>
      </object_component>
      <object_component id="oc-150">
         <name>.common:Serial_UART</name>
         <uninitialized>true</uninitialized>
         <run_address>0x250</run_address>
         <size>0x16</size>
      </object_component>
      <object_component id="oc-1f8">
         <name>.common:serNum</name>
         <uninitialized>true</uninitialized>
         <run_address>0x27c</run_address>
         <size>0x6</size>
      </object_component>
      <object_component id="oc-1ff">
         <name>.common:nome_cliente</name>
         <uninitialized>true</uninitialized>
         <run_address>0x266</run_address>
         <size>0x10</size>
      </object_component>
      <object_component id="oc-206">
         <name>.data</name>
         <load_address>0x28a</load_address>
         <run_address>0x28a</run_address>
         <size>0x4</size>
         <input_file_ref idref="fl-6"/>
      </object_component>
      <object_component id="oc-3a4">
         <name>.data</name>
         <load_address>0x292</load_address>
         <run_address>0x292</run_address>
         <size>0x2</size>
         <input_file_ref idref="fl-3c"/>
      </object_component>
      <object_component id="oc-2d6">
         <name>.data:_lock</name>
         <load_address>0x28e</load_address>
         <run_address>0x28e</run_address>
         <size>0x2</size>
         <input_file_ref idref="fl-3d"/>
      </object_component>
      <object_component id="oc-2df">
         <name>.data:_unlock</name>
         <load_address>0x290</load_address>
         <run_address>0x290</run_address>
         <size>0x2</size>
         <input_file_ref idref="fl-3d"/>
      </object_component>
      <object_component id="oc-b6">
         <name>.sysmem</name>
         <uninitialized>true</uninitialized>
         <run_address>0x200</run_address>
         <size>0x4</size>
         <input_file_ref idref="fl-3c"/>
      </object_component>
      <object_component id="oc-3fe">
         <name>.sysmem</name>
         <uninitialized>true</uninitialized>
         <run_address>0x200</run_address>
         <size>0x0</size>
      </object_component>
      <object_component id="oc-b2">
         <name>.stack</name>
         <uninitialized>true</uninitialized>
         <run_address>0x3b0</run_address>
         <size>0x2</size>
         <input_file_ref idref="fl-32"/>
      </object_component>
      <object_component id="oc-3fd">
         <name>.stack</name>
         <uninitialized>true</uninitialized>
         <run_address>0x3b0</run_address>
         <size>0x0</size>
      </object_component>
      <object_component id="oc-167">
         <name>.text:main</name>
         <load_address>0xc000</load_address>
         <run_address>0xc000</run_address>
         <size>0x1e0</size>
         <input_file_ref idref="fl-6"/>
      </object_component>
      <object_component id="oc-28a">
         <name>.text:_ZN5Rc5226ToCardEhPhhS0_Pj</name>
         <load_address>0xc1e0</load_address>
         <run_address>0xc1e0</run_address>
         <size>0x18c</size>
         <input_file_ref idref="fl-3"/>
      </object_component>
      <object_component id="oc-37e">
         <name>.text:malloc</name>
         <load_address>0xc36c</load_address>
         <run_address>0xc36c</run_address>
         <size>0xb2</size>
         <input_file_ref idref="fl-3c"/>
      </object_component>
      <object_component id="oc-297">
         <name>.text:_Z4itoamPci</name>
         <load_address>0xc41e</load_address>
         <run_address>0xc41e</run_address>
         <size>0x86</size>
         <input_file_ref idref="fl-2"/>
      </object_component>
      <object_component id="oc-2cb">
         <name>.text:_ZN5Rc52211CalulateCRCEPhhS0_</name>
         <load_address>0xc4a4</load_address>
         <run_address>0xc4a4</run_address>
         <size>0x84</size>
         <input_file_ref idref="fl-3"/>
      </object_component>
      <object_component id="oc-390">
         <name>.text:free</name>
         <load_address>0xc528</load_address>
         <run_address>0xc528</run_address>
         <size>0x80</size>
         <input_file_ref idref="fl-3c"/>
      </object_component>
      <object_component id="oc-34">
         <name>.text:decompress:lzss:__TI_decompress_lzss</name>
         <load_address>0xc5a8</load_address>
         <run_address>0xc5a8</run_address>
         <size>0x7c</size>
         <input_file_ref idref="fl-3a"/>
      </object_component>
      <object_component id="oc-1e0">
         <name>.text:_ZN5Rc5224InitEv</name>
         <load_address>0xc624</load_address>
         <run_address>0xc624</run_address>
         <size>0x72</size>
         <input_file_ref idref="fl-3"/>
      </object_component>
      <object_component id="oc-209">
         <name>.text:_Z12Func_Printari</name>
         <load_address>0xc696</load_address>
         <run_address>0xc696</run_address>
         <size>0x6c</size>
         <input_file_ref idref="fl-6"/>
      </object_component>
      <object_component id="oc-1f2">
         <name>.text:_ZN5Rc5228AnticollEPh</name>
         <load_address>0xc702</load_address>
         <run_address>0xc702</run_address>
         <size>0x68</size>
         <input_file_ref idref="fl-3"/>
      </object_component>
      <object_component id="oc-228">
         <name>.text:__TI_auto_init_nobinit:__TI_auto_init_nobinit</name>
         <load_address>0xc76a</load_address>
         <run_address>0xc76a</run_address>
         <size>0x5c</size>
         <input_file_ref idref="fl-33"/>
      </object_component>
      <object_component id="oc-25f">
         <name>.text</name>
         <load_address>0xc7c6</load_address>
         <run_address>0xc7c6</run_address>
         <size>0x58</size>
         <input_file_ref idref="fl-22"/>
      </object_component>
      <object_component id="oc-1e6">
         <name>.text:_ZN5Rc5227RequestEhPh</name>
         <load_address>0xc81e</load_address>
         <run_address>0xc81e</run_address>
         <size>0x50</size>
         <input_file_ref idref="fl-3"/>
      </object_component>
      <object_component id="oc-eb">
         <name>.text:_Z11USCI0RX_ISRv</name>
         <load_address>0xc86e</load_address>
         <run_address>0xc86e</run_address>
         <size>0x4c</size>
         <input_file_ref idref="fl-6"/>
      </object_component>
      <object_component id="oc-be">
         <name>.text</name>
         <load_address>0xc8ba</load_address>
         <run_address>0xc8ba</run_address>
         <size>0x4c</size>
         <input_file_ref idref="fl-42"/>
      </object_component>
      <object_component id="oc-1bd">
         <name>.text:_ZN16Serial_UARTClass4initEm</name>
         <load_address>0xc906</load_address>
         <run_address>0xc906</run_address>
         <size>0x4a</size>
         <input_file_ref idref="fl-5"/>
      </object_component>
      <object_component id="oc-20f">
         <name>.text:_ZN5Rc5224HaltEv</name>
         <load_address>0xc950</load_address>
         <run_address>0xc950</run_address>
         <size>0x4a</size>
         <input_file_ref idref="fl-3"/>
      </object_component>
      <object_component id="oc-e5">
         <name>.text:_Z11USCI0TX_ISRv</name>
         <load_address>0xc99a</load_address>
         <run_address>0xc99a</run_address>
         <size>0x42</size>
         <input_file_ref idref="fl-6"/>
      </object_component>
      <object_component id="oc-312">
         <name>.text:_ZN5Rc5227ReadRegEh</name>
         <load_address>0xc9dc</load_address>
         <run_address>0xc9dc</run_address>
         <size>0x42</size>
         <input_file_ref idref="fl-3"/>
      </object_component>
      <object_component id="oc-27d">
         <name>.text:_ZN5Rc5228WriteRegEhh</name>
         <load_address>0xca1e</load_address>
         <run_address>0xca1e</run_address>
         <size>0x3e</size>
         <input_file_ref idref="fl-3"/>
      </object_component>
      <object_component id="oc-1ec">
         <name>.text:_ZN16Serial_UARTClass5printEh</name>
         <load_address>0xca5c</load_address>
         <run_address>0xca5c</run_address>
         <size>0x3c</size>
         <input_file_ref idref="fl-5"/>
      </object_component>
      <object_component id="oc-186">
         <name>.text:_ZN5Rc522C1Eii</name>
         <load_address>0xca98</load_address>
         <run_address>0xca98</run_address>
         <size>0x38</size>
         <input_file_ref idref="fl-3"/>
      </object_component>
      <object_component id="oc-3a7">
         <name>.text:minit</name>
         <load_address>0xcad0</load_address>
         <run_address>0xcad0</run_address>
         <size>0x38</size>
         <input_file_ref idref="fl-3c"/>
      </object_component>
      <object_component id="oc-1da">
         <name>.text:_Z8pinModeAhhh</name>
         <load_address>0xcb08</load_address>
         <run_address>0xcb08</run_address>
         <size>0x2c</size>
         <input_file_ref idref="fl-2"/>
      </object_component>
      <object_component id="oc-b9">
         <name>.text</name>
         <load_address>0xcb34</load_address>
         <run_address>0xcb34</run_address>
         <size>0x2c</size>
         <input_file_ref idref="fl-30"/>
      </object_component>
      <object_component id="oc-347">
         <name>.text:_Z7delaymsj</name>
         <load_address>0xcb60</load_address>
         <run_address>0xcb60</run_address>
         <size>0x28</size>
         <input_file_ref idref="fl-2"/>
      </object_component>
      <object_component id="oc-2be">
         <name>.text:_Z12Saida_Serialv</name>
         <load_address>0xcb88</load_address>
         <run_address>0xcb88</run_address>
         <size>0x26</size>
         <input_file_ref idref="fl-6"/>
      </object_component>
      <object_component id="oc-2ac">
         <name>.text:_Z12Tente_Serialv</name>
         <load_address>0xcbae</load_address>
         <run_address>0xcbae</run_address>
         <size>0x26</size>
         <input_file_ref idref="fl-6"/>
      </object_component>
      <object_component id="oc-2c4">
         <name>.text:_Z14Entrada_Serialv</name>
         <load_address>0xcbd4</load_address>
         <run_address>0xcbd4</run_address>
         <size>0x26</size>
         <input_file_ref idref="fl-6"/>
      </object_component>
      <object_component id="oc-1ce">
         <name>.text:_ZN15Serial_SPIClass4initEv</name>
         <load_address>0xcbfa</load_address>
         <run_address>0xcbfa</run_address>
         <size>0x26</size>
         <input_file_ref idref="fl-4"/>
      </object_component>
      <object_component id="oc-26b">
         <name>.text:_ZN16Serial_UARTClass5writeEPhii</name>
         <load_address>0xcc20</load_address>
         <run_address>0xcc20</run_address>
         <size>0x26</size>
         <input_file_ref idref="fl-5"/>
      </object_component>
      <object_component id="oc-1d4">
         <name>.text:_Z13digitalWriteAhhh</name>
         <load_address>0xcc46</load_address>
         <run_address>0xcc46</run_address>
         <size>0x24</size>
         <input_file_ref idref="fl-2"/>
      </object_component>
      <object_component id="oc-283">
         <name>.text:_ZN5Rc5229AntennaOnEv</name>
         <load_address>0xcc6a</load_address>
         <run_address>0xcc6a</run_address>
         <size>0x24</size>
         <input_file_ref idref="fl-3"/>
      </object_component>
      <object_component id="oc-326">
         <name>.text:_Znwj</name>
         <load_address>0xcc8e</load_address>
         <run_address>0xcc8e</run_address>
         <size>0x24</size>
         <input_file_ref idref="fl-21"/>
      </object_component>
      <object_component id="oc-318">
         <name>.text:_ZN5Rc52210SetBitMaskEhh</name>
         <load_address>0xccb2</load_address>
         <run_address>0xccb2</run_address>
         <size>0x20</size>
         <input_file_ref idref="fl-3"/>
      </object_component>
      <object_component id="oc-31f">
         <name>.text:_ZN5Rc52212ClearBitMaskEhh</name>
         <load_address>0xccd2</load_address>
         <run_address>0xccd2</run_address>
         <size>0x20</size>
         <input_file_ref idref="fl-3"/>
      </object_component>
      <object_component id="oc-1f9">
         <name>.text:_Z7memcopyPvPKvj</name>
         <load_address>0xccf2</load_address>
         <run_address>0xccf2</run_address>
         <size>0x1e</size>
         <input_file_ref idref="fl-2"/>
      </object_component>
      <object_component id="oc-1c4">
         <name>.text:_ZN16Serial_UARTClass5printEPKc</name>
         <load_address>0xcd10</load_address>
         <run_address>0xcd10</run_address>
         <size>0x1e</size>
         <input_file_ref idref="fl-5"/>
      </object_component>
      <object_component id="oc-103">
         <name>.text:_c_int00_noargs</name>
         <load_address>0xcd2e</load_address>
         <run_address>0xcd2e</run_address>
         <size>0x1c</size>
         <input_file_ref idref="fl-32"/>
      </object_component>
      <object_component id="oc-265">
         <name>.text:_Z7strsizePKc</name>
         <load_address>0xcd4a</load_address>
         <run_address>0xcd4a</run_address>
         <size>0x18</size>
         <input_file_ref idref="fl-2"/>
      </object_component>
      <object_component id="oc-2b2">
         <name>.text:_Z11Abrir_Portav</name>
         <load_address>0xcd62</load_address>
         <run_address>0xcd62</run_address>
         <size>0x14</size>
         <input_file_ref idref="fl-6"/>
      </object_component>
      <object_component id="oc-f1">
         <name>.text:decompress:ZI:__TI_zero_init_nomemset:__TI_zero_init_nomemset</name>
         <load_address>0xcd76</load_address>
         <run_address>0xcd76</run_address>
         <size>0x14</size>
         <input_file_ref idref="fl-34"/>
      </object_component>
      <object_component id="oc-334">
         <name>.text</name>
         <load_address>0xcd8a</load_address>
         <run_address>0xcd8a</run_address>
         <size>0x14</size>
         <input_file_ref idref="fl-31"/>
      </object_component>
      <object_component id="oc-3a">
         <name>.text:decompress:none:__TI_decompress_none</name>
         <load_address>0xcd9e</load_address>
         <run_address>0xcd9e</run_address>
         <size>0x12</size>
         <input_file_ref idref="fl-39"/>
      </object_component>
      <object_component id="oc-d3">
         <name>.text:memcpy</name>
         <load_address>0xcdb0</load_address>
         <run_address>0xcdb0</run_address>
         <size>0x12</size>
         <input_file_ref idref="fl-3f"/>
      </object_component>
      <object_component id="oc-30b">
         <name>.text:_ZN15Serial_SPIClass8transferEh</name>
         <load_address>0xcdc2</load_address>
         <run_address>0xcdc2</run_address>
         <size>0x10</size>
         <input_file_ref idref="fl-4"/>
      </object_component>
      <object_component id="oc-c3">
         <name>.text</name>
         <load_address>0xcdd2</load_address>
         <run_address>0xcdd2</run_address>
         <size>0x10</size>
         <input_file_ref idref="fl-23"/>
      </object_component>
      <object_component id="oc-200">
         <name>.text:strcpy</name>
         <load_address>0xcde2</load_address>
         <run_address>0xcde2</run_address>
         <size>0x10</size>
         <input_file_ref idref="fl-41"/>
      </object_component>
      <object_component id="oc-12d">
         <name>.text:__sti___8_main_cpp_rc522</name>
         <load_address>0xcdf2</load_address>
         <run_address>0xcdf2</run_address>
         <size>0xe</size>
         <input_file_ref idref="fl-6"/>
      </object_component>
      <object_component id="oc-2b8">
         <name>.text:_Z12Fechar_Portav</name>
         <load_address>0xce00</load_address>
         <run_address>0xce00</run_address>
         <size>0xc</size>
         <input_file_ref idref="fl-6"/>
      </object_component>
      <object_component id="oc-277">
         <name>.text:_ZN5Rc5225ResetEv</name>
         <load_address>0xce0c</load_address>
         <run_address>0xce0c</run_address>
         <size>0xc</size>
         <input_file_ref idref="fl-3"/>
      </object_component>
      <object_component id="oc-33b">
         <name>.text:_ZdlPv</name>
         <load_address>0xce18</load_address>
         <run_address>0xce18</run_address>
         <size>0xa</size>
         <input_file_ref idref="fl-21"/>
      </object_component>
      <object_component id="oc-e0">
         <name>.text:_isr:__TI_ISR_TRAP</name>
         <load_address>0xce22</load_address>
         <run_address>0xce22</run_address>
         <size>0x8</size>
         <input_file_ref idref="fl-2f"/>
      </object_component>
      <object_component id="oc-216">
         <name>.text:abort</name>
         <load_address>0xce2a</load_address>
         <run_address>0xce2a</run_address>
         <size>0x6</size>
         <input_file_ref idref="fl-3b"/>
      </object_component>
      <object_component id="oc-29d">
         <name>.text:_ZdaPv</name>
         <load_address>0xce30</load_address>
         <run_address>0xce30</run_address>
         <size>0x4</size>
         <input_file_ref idref="fl-21"/>
      </object_component>
      <object_component id="oc-291">
         <name>.text:_Znaj</name>
         <load_address>0xce34</load_address>
         <run_address>0xce34</run_address>
         <size>0x4</size>
         <input_file_ref idref="fl-21"/>
      </object_component>
      <object_component id="oc-161">
         <name>.text:_system_pre_init</name>
         <load_address>0xce38</load_address>
         <run_address>0xce38</run_address>
         <size>0x4</size>
         <input_file_ref idref="fl-37"/>
      </object_component>
      <object_component id="oc-354">
         <name>.text:_nop</name>
         <load_address>0xce3c</load_address>
         <run_address>0xce3c</run_address>
         <size>0x2</size>
         <input_file_ref idref="fl-3d"/>
      </object_component>
      <object_component id="oc-2e4">
         <name>.text:_system_post_cinit</name>
         <load_address>0xce3e</load_address>
         <run_address>0xce3e</run_address>
         <size>0x2</size>
         <input_file_ref idref="fl-38"/>
      </object_component>
      <object_component id="oc-3fb">
         <name>.cinit..data.load</name>
         <load_address>0xcf2a</load_address>
         <run_address>0xcf2a</run_address>
         <size>0xe</size>
      </object_component>
      <object_component id="oc-3f8">
         <name>__TI_handler_table</name>
         <load_address>0xcf38</load_address>
         <run_address>0xcf38</run_address>
         <size>0x6</size>
      </object_component>
      <object_component id="oc-3fa">
         <name>.cinit..bss.load</name>
         <load_address>0xcf3e</load_address>
         <run_address>0xcf3e</run_address>
         <size>0x4</size>
      </object_component>
      <object_component id="oc-3f9">
         <name>__TI_cinit_table</name>
         <load_address>0xcf42</load_address>
         <run_address>0xcf42</run_address>
         <size>0x8</size>
      </object_component>
      <object_component id="oc-1c3">
         <name>.const:.string</name>
         <load_address>0xce40</load_address>
         <run_address>0xce40</run_address>
         <size>0xa0</size>
         <input_file_ref idref="fl-6"/>
      </object_component>
      <object_component id="oc-339">
         <name>.const:.string</name>
         <load_address>0xcee0</load_address>
         <run_address>0xcee0</run_address>
         <size>0x48</size>
         <input_file_ref idref="fl-2"/>
      </object_component>
      <object_component id="oc-3ba">
         <name>.binit</name>
         <load_address>0xc000</load_address>
         <run_address>0xc000</run_address>
         <size>0x0</size>
      </object_component>
      <object_component id="oc-b1">
         <name>.init_array</name>
         <load_address>0xcf28</load_address>
         <run_address>0xcf28</run_address>
         <size>0x2</size>
         <input_file_ref idref="fl-6"/>
      </object_component>
      <object_component id="oc-3fc">
         <name>__TI_INITARRAY_Limit</name>
         <load_address>0xcf2a</load_address>
         <run_address>0xcf2a</run_address>
         <size>0x0</size>
      </object_component>
      <object_component id="oc-40">
         <name>.int00</name>
         <load_address>0xffe0</load_address>
         <run_address>0xffe0</run_address>
         <size>0x2</size>
         <input_file_ref idref="fl-24"/>
      </object_component>
      <object_component id="oc-41">
         <name>.int02</name>
         <load_address>0xffe4</load_address>
         <run_address>0xffe4</run_address>
         <size>0x2</size>
         <input_file_ref idref="fl-25"/>
      </object_component>
      <object_component id="oc-42">
         <name>.int03</name>
         <load_address>0xffe6</load_address>
         <run_address>0xffe6</run_address>
         <size>0x2</size>
         <input_file_ref idref="fl-26"/>
      </object_component>
      <object_component id="oc-43">
         <name>.int05</name>
         <load_address>0xffea</load_address>
         <run_address>0xffea</run_address>
         <size>0x2</size>
         <input_file_ref idref="fl-27"/>
      </object_component>
      <object_component id="oc-44">
         <name>.int06</name>
         <load_address>0xffec</load_address>
         <run_address>0xffec</run_address>
         <size>0x2</size>
         <input_file_ref idref="fl-6"/>
      </object_component>
      <object_component id="oc-45">
         <name>.int07</name>
         <load_address>0xffee</load_address>
         <run_address>0xffee</run_address>
         <size>0x2</size>
         <input_file_ref idref="fl-6"/>
      </object_component>
      <object_component id="oc-46">
         <name>.int08</name>
         <load_address>0xfff0</load_address>
         <run_address>0xfff0</run_address>
         <size>0x2</size>
         <input_file_ref idref="fl-28"/>
      </object_component>
      <object_component id="oc-47">
         <name>.int09</name>
         <load_address>0xfff2</load_address>
         <run_address>0xfff2</run_address>
         <size>0x2</size>
         <input_file_ref idref="fl-29"/>
      </object_component>
      <object_component id="oc-48">
         <name>.int10</name>
         <load_address>0xfff4</load_address>
         <run_address>0xfff4</run_address>
         <size>0x2</size>
         <input_file_ref idref="fl-2a"/>
      </object_component>
      <object_component id="oc-49">
         <name>.int11</name>
         <load_address>0xfff6</load_address>
         <run_address>0xfff6</run_address>
         <size>0x2</size>
         <input_file_ref idref="fl-2b"/>
      </object_component>
      <object_component id="oc-4a">
         <name>.int12</name>
         <load_address>0xfff8</load_address>
         <run_address>0xfff8</run_address>
         <size>0x2</size>
         <input_file_ref idref="fl-2c"/>
      </object_component>
      <object_component id="oc-4b">
         <name>.int13</name>
         <load_address>0xfffa</load_address>
         <run_address>0xfffa</run_address>
         <size>0x2</size>
         <input_file_ref idref="fl-2d"/>
      </object_component>
      <object_component id="oc-4c">
         <name>.int14</name>
         <load_address>0xfffc</load_address>
         <run_address>0xfffc</run_address>
         <size>0x2</size>
         <input_file_ref idref="fl-2e"/>
      </object_component>
      <object_component id="oc-b5">
         <name>.reset</name>
         <load_address>0xfffe</load_address>
         <run_address>0xfffe</run_address>
         <size>0x2</size>
         <input_file_ref idref="fl-32"/>
      </object_component>
      <object_component id="oc-2a6">
         <name>.debug_info</name>
         <load_address>0x0</load_address>
         <run_address>0x0</run_address>
         <size>0x25d</size>
         <input_file_ref idref="fl-2"/>
      </object_component>
      <object_component id="oc-1db">
         <name>.debug_info</name>
         <load_address>0x25d</load_address>
         <run_address>0x25d</run_address>
         <size>0x16a</size>
         <input_file_ref idref="fl-2"/>
      </object_component>
      <object_component id="oc-266">
         <name>.debug_info</name>
         <load_address>0x3c7</load_address>
         <run_address>0x3c7</run_address>
         <size>0x13c</size>
         <input_file_ref idref="fl-2"/>
      </object_component>
      <object_component id="oc-1fa">
         <name>.debug_info</name>
         <load_address>0x503</load_address>
         <run_address>0x503</run_address>
         <size>0x17e</size>
         <input_file_ref idref="fl-2"/>
      </object_component>
      <object_component id="oc-34a">
         <name>.debug_info</name>
         <load_address>0x681</load_address>
         <run_address>0x681</run_address>
         <size>0x129</size>
         <input_file_ref idref="fl-2"/>
      </object_component>
      <object_component id="oc-29a">
         <name>.debug_info</name>
         <load_address>0x7aa</load_address>
         <run_address>0x7aa</run_address>
         <size>0x1f9</size>
         <input_file_ref idref="fl-2"/>
      </object_component>
      <object_component id="oc-1d7">
         <name>.debug_info</name>
         <load_address>0x9a3</load_address>
         <run_address>0x9a3</run_address>
         <size>0x179</size>
         <input_file_ref idref="fl-2"/>
      </object_component>
      <object_component id="oc-ce">
         <name>.debug_info</name>
         <load_address>0xb1c</load_address>
         <run_address>0xb1c</run_address>
         <size>0x84</size>
         <input_file_ref idref="fl-2"/>
      </object_component>
      <object_component id="oc-1a9">
         <name>.debug_info</name>
         <load_address>0xba0</load_address>
         <run_address>0xba0</run_address>
         <size>0x46</size>
         <input_file_ref idref="fl-2"/>
      </object_component>
      <object_component id="oc-258">
         <name>.debug_info</name>
         <load_address>0xbe6</load_address>
         <run_address>0xbe6</run_address>
         <size>0x39c</size>
         <input_file_ref idref="fl-3"/>
      </object_component>
      <object_component id="oc-189">
         <name>.debug_info</name>
         <load_address>0xf82</load_address>
         <run_address>0xf82</run_address>
         <size>0x1d1</size>
         <input_file_ref idref="fl-3"/>
      </object_component>
      <object_component id="oc-315">
         <name>.debug_info</name>
         <load_address>0x1153</load_address>
         <run_address>0x1153</run_address>
         <size>0x1d6</size>
         <input_file_ref idref="fl-3"/>
      </object_component>
      <object_component id="oc-27f">
         <name>.debug_info</name>
         <load_address>0x1329</load_address>
         <run_address>0x1329</run_address>
         <size>0x1e8</size>
         <input_file_ref idref="fl-3"/>
      </object_component>
      <object_component id="oc-321">
         <name>.debug_info</name>
         <load_address>0x1511</load_address>
         <run_address>0x1511</run_address>
         <size>0x1a5</size>
         <input_file_ref idref="fl-3"/>
      </object_component>
      <object_component id="oc-31a">
         <name>.debug_info</name>
         <load_address>0x16b6</load_address>
         <run_address>0x16b6</run_address>
         <size>0x1b0</size>
         <input_file_ref idref="fl-3"/>
      </object_component>
      <object_component id="oc-2cd">
         <name>.debug_info</name>
         <load_address>0x1866</load_address>
         <run_address>0x1866</run_address>
         <size>0x28e</size>
         <input_file_ref idref="fl-3"/>
      </object_component>
      <object_component id="oc-28c">
         <name>.debug_info</name>
         <load_address>0x1af4</load_address>
         <run_address>0x1af4</run_address>
         <size>0x3fd</size>
         <input_file_ref idref="fl-3"/>
      </object_component>
      <object_component id="oc-285">
         <name>.debug_info</name>
         <load_address>0x1ef1</load_address>
         <run_address>0x1ef1</run_address>
         <size>0x171</size>
         <input_file_ref idref="fl-3"/>
      </object_component>
      <object_component id="oc-1f4">
         <name>.debug_info</name>
         <load_address>0x2062</load_address>
         <run_address>0x2062</run_address>
         <size>0x1e3</size>
         <input_file_ref idref="fl-3"/>
      </object_component>
      <object_component id="oc-1e8">
         <name>.debug_info</name>
         <load_address>0x2245</load_address>
         <run_address>0x2245</run_address>
         <size>0x1ed</size>
         <input_file_ref idref="fl-3"/>
      </object_component>
      <object_component id="oc-279">
         <name>.debug_info</name>
         <load_address>0x2432</load_address>
         <run_address>0x2432</run_address>
         <size>0x12a</size>
         <input_file_ref idref="fl-3"/>
      </object_component>
      <object_component id="oc-1e2">
         <name>.debug_info</name>
         <load_address>0x255c</load_address>
         <run_address>0x255c</run_address>
         <size>0x214</size>
         <input_file_ref idref="fl-3"/>
      </object_component>
      <object_component id="oc-211">
         <name>.debug_info</name>
         <load_address>0x2770</load_address>
         <run_address>0x2770</run_address>
         <size>0x18b</size>
         <input_file_ref idref="fl-3"/>
      </object_component>
      <object_component id="oc-1b0">
         <name>.debug_info</name>
         <load_address>0x28fb</load_address>
         <run_address>0x28fb</run_address>
         <size>0x269</size>
         <input_file_ref idref="fl-3"/>
      </object_component>
      <object_component id="oc-1b5">
         <name>.debug_info</name>
         <load_address>0x2b64</load_address>
         <run_address>0x2b64</run_address>
         <size>0x83</size>
         <input_file_ref idref="fl-3"/>
      </object_component>
      <object_component id="oc-1cb">
         <name>.debug_info</name>
         <load_address>0x2be7</load_address>
         <run_address>0x2be7</run_address>
         <size>0x2bc</size>
         <input_file_ref idref="fl-4"/>
      </object_component>
      <object_component id="oc-30c">
         <name>.debug_info</name>
         <load_address>0x2ea3</load_address>
         <run_address>0x2ea3</run_address>
         <size>0x150</size>
         <input_file_ref idref="fl-4"/>
      </object_component>
      <object_component id="oc-1d1">
         <name>.debug_info</name>
         <load_address>0x2ff3</load_address>
         <run_address>0x2ff3</run_address>
         <size>0x126</size>
         <input_file_ref idref="fl-4"/>
      </object_component>
      <object_component id="oc-151">
         <name>.debug_info</name>
         <load_address>0x3119</load_address>
         <run_address>0x3119</run_address>
         <size>0x481</size>
         <input_file_ref idref="fl-5"/>
      </object_component>
      <object_component id="oc-26d">
         <name>.debug_info</name>
         <load_address>0x359a</load_address>
         <run_address>0x359a</run_address>
         <size>0x1b6</size>
         <input_file_ref idref="fl-5"/>
      </object_component>
      <object_component id="oc-1ef">
         <name>.debug_info</name>
         <load_address>0x3750</load_address>
         <run_address>0x3750</run_address>
         <size>0x1df</size>
         <input_file_ref idref="fl-5"/>
      </object_component>
      <object_component id="oc-1c6">
         <name>.debug_info</name>
         <load_address>0x392f</load_address>
         <run_address>0x392f</run_address>
         <size>0x1a7</size>
         <input_file_ref idref="fl-5"/>
      </object_component>
      <object_component id="oc-1bf">
         <name>.debug_info</name>
         <load_address>0x3ad6</load_address>
         <run_address>0x3ad6</run_address>
         <size>0x182</size>
         <input_file_ref idref="fl-5"/>
      </object_component>
      <object_component id="oc-1a4">
         <name>.debug_info</name>
         <load_address>0x3c58</load_address>
         <run_address>0x3c58</run_address>
         <size>0x21e</size>
         <input_file_ref idref="fl-5"/>
      </object_component>
      <object_component id="oc-19f">
         <name>.debug_info</name>
         <load_address>0x3e76</load_address>
         <run_address>0x3e76</run_address>
         <size>0x8b</size>
         <input_file_ref idref="fl-5"/>
      </object_component>
      <object_component id="oc-155">
         <name>.debug_info</name>
         <load_address>0x3f01</load_address>
         <run_address>0x3f01</run_address>
         <size>0x842</size>
         <input_file_ref idref="fl-6"/>
      </object_component>
      <object_component id="oc-184">
         <name>.debug_info</name>
         <load_address>0x4743</load_address>
         <run_address>0x4743</run_address>
         <size>0xbd</size>
         <input_file_ref idref="fl-6"/>
      </object_component>
      <object_component id="oc-207">
         <name>.debug_info</name>
         <load_address>0x4800</load_address>
         <run_address>0x4800</run_address>
         <size>0xe4</size>
         <input_file_ref idref="fl-6"/>
      </object_component>
      <object_component id="oc-2ae">
         <name>.debug_info</name>
         <load_address>0x48e4</load_address>
         <run_address>0x48e4</run_address>
         <size>0x170</size>
         <input_file_ref idref="fl-6"/>
      </object_component>
      <object_component id="oc-2b4">
         <name>.debug_info</name>
         <load_address>0x4a54</load_address>
         <run_address>0x4a54</run_address>
         <size>0x129</size>
         <input_file_ref idref="fl-6"/>
      </object_component>
      <object_component id="oc-2b9">
         <name>.debug_info</name>
         <load_address>0x4b7d</load_address>
         <run_address>0x4b7d</run_address>
         <size>0x119</size>
         <input_file_ref idref="fl-6"/>
      </object_component>
      <object_component id="oc-2bf">
         <name>.debug_info</name>
         <load_address>0x4c96</load_address>
         <run_address>0x4c96</run_address>
         <size>0x170</size>
         <input_file_ref idref="fl-6"/>
      </object_component>
      <object_component id="oc-2c5">
         <name>.debug_info</name>
         <load_address>0x4e06</load_address>
         <run_address>0x4e06</run_address>
         <size>0x174</size>
         <input_file_ref idref="fl-6"/>
      </object_component>
      <object_component id="oc-20b">
         <name>.debug_info</name>
         <load_address>0x4f7a</load_address>
         <run_address>0x4f7a</run_address>
         <size>0x24b</size>
         <input_file_ref idref="fl-6"/>
      </object_component>
      <object_component id="oc-169">
         <name>.debug_info</name>
         <load_address>0x51c5</load_address>
         <run_address>0x51c5</run_address>
         <size>0x519</size>
         <input_file_ref idref="fl-6"/>
      </object_component>
      <object_component id="oc-12e">
         <name>.debug_info</name>
         <load_address>0x56de</load_address>
         <run_address>0x56de</run_address>
         <size>0x107</size>
         <input_file_ref idref="fl-6"/>
      </object_component>
      <object_component id="oc-e6">
         <name>.debug_info</name>
         <load_address>0x57e5</load_address>
         <run_address>0x57e5</run_address>
         <size>0x128</size>
         <input_file_ref idref="fl-6"/>
      </object_component>
      <object_component id="oc-ec">
         <name>.debug_info</name>
         <load_address>0x590d</load_address>
         <run_address>0x590d</run_address>
         <size>0x136</size>
         <input_file_ref idref="fl-6"/>
      </object_component>
      <object_component id="oc-32d">
         <name>.debug_info</name>
         <load_address>0x5a43</load_address>
         <run_address>0x5a43</run_address>
         <size>0x342</size>
         <input_file_ref idref="fl-21"/>
      </object_component>
      <object_component id="oc-385">
         <name>.debug_info</name>
         <load_address>0x5d85</load_address>
         <run_address>0x5d85</run_address>
         <size>0x149</size>
         <input_file_ref idref="fl-21"/>
      </object_component>
      <object_component id="oc-327">
         <name>.debug_info</name>
         <load_address>0x5ece</load_address>
         <run_address>0x5ece</run_address>
         <size>0x194</size>
         <input_file_ref idref="fl-21"/>
      </object_component>
      <object_component id="oc-293">
         <name>.debug_info</name>
         <load_address>0x6062</load_address>
         <run_address>0x6062</run_address>
         <size>0x160</size>
         <input_file_ref idref="fl-21"/>
      </object_component>
      <object_component id="oc-33c">
         <name>.debug_info</name>
         <load_address>0x61c2</load_address>
         <run_address>0x61c2</run_address>
         <size>0x170</size>
         <input_file_ref idref="fl-21"/>
      </object_component>
      <object_component id="oc-29e">
         <name>.debug_info</name>
         <load_address>0x6332</load_address>
         <run_address>0x6332</run_address>
         <size>0x15f</size>
         <input_file_ref idref="fl-21"/>
      </object_component>
      <object_component id="oc-388">
         <name>.debug_info</name>
         <load_address>0x6491</load_address>
         <run_address>0x6491</run_address>
         <size>0x6c</size>
         <input_file_ref idref="fl-21"/>
      </object_component>
      <object_component id="oc-32f">
         <name>.debug_info</name>
         <load_address>0x64fd</load_address>
         <run_address>0x64fd</run_address>
         <size>0x2c</size>
         <input_file_ref idref="fl-21"/>
      </object_component>
      <object_component id="oc-260">
         <name>.debug_info</name>
         <load_address>0x6529</load_address>
         <run_address>0x6529</run_address>
         <size>0x11b</size>
         <input_file_ref idref="fl-22"/>
      </object_component>
      <object_component id="oc-c4">
         <name>.debug_info</name>
         <load_address>0x6644</load_address>
         <run_address>0x6644</run_address>
         <size>0x126</size>
         <input_file_ref idref="fl-23"/>
      </object_component>
      <object_component id="oc-e1">
         <name>.debug_info</name>
         <load_address>0x676a</load_address>
         <run_address>0x676a</run_address>
         <size>0x107</size>
         <input_file_ref idref="fl-2f"/>
      </object_component>
      <object_component id="oc-bb">
         <name>.debug_info</name>
         <load_address>0x6871</load_address>
         <run_address>0x6871</run_address>
         <size>0x118</size>
         <input_file_ref idref="fl-30"/>
      </object_component>
      <object_component id="oc-335">
         <name>.debug_info</name>
         <load_address>0x6989</load_address>
         <run_address>0x6989</run_address>
         <size>0x119</size>
         <input_file_ref idref="fl-31"/>
      </object_component>
      <object_component id="oc-b3">
         <name>.debug_info</name>
         <load_address>0x6aa2</load_address>
         <run_address>0x6aa2</run_address>
         <size>0xf5</size>
         <input_file_ref idref="fl-32"/>
      </object_component>
      <object_component id="oc-104">
         <name>.debug_info</name>
         <load_address>0x6b97</load_address>
         <run_address>0x6b97</run_address>
         <size>0x16f</size>
         <input_file_ref idref="fl-32"/>
      </object_component>
      <object_component id="oc-2eb">
         <name>.debug_info</name>
         <load_address>0x6d06</load_address>
         <run_address>0x6d06</run_address>
         <size>0x472</size>
         <input_file_ref idref="fl-33"/>
      </object_component>
      <object_component id="oc-229">
         <name>.debug_info</name>
         <load_address>0x7178</load_address>
         <run_address>0x7178</run_address>
         <size>0x1cc</size>
         <input_file_ref idref="fl-33"/>
      </object_component>
      <object_component id="oc-369">
         <name>.debug_info</name>
         <load_address>0x7344</load_address>
         <run_address>0x7344</run_address>
         <size>0x39</size>
         <input_file_ref idref="fl-33"/>
      </object_component>
      <object_component id="oc-375">
         <name>.debug_info</name>
         <load_address>0x737d</load_address>
         <run_address>0x737d</run_address>
         <size>0x2c</size>
         <input_file_ref idref="fl-33"/>
      </object_component>
      <object_component id="oc-2f6">
         <name>.debug_info</name>
         <load_address>0x73a9</load_address>
         <run_address>0x73a9</run_address>
         <size>0x2c</size>
         <input_file_ref idref="fl-33"/>
      </object_component>
      <object_component id="oc-36e">
         <name>.debug_info</name>
         <load_address>0x73d5</load_address>
         <run_address>0x73d5</run_address>
         <size>0xcd</size>
         <input_file_ref idref="fl-33"/>
      </object_component>
      <object_component id="oc-15f">
         <name>.debug_info</name>
         <load_address>0x74a2</load_address>
         <run_address>0x74a2</run_address>
         <size>0x1b4</size>
         <input_file_ref idref="fl-34"/>
      </object_component>
      <object_component id="oc-f5">
         <name>.debug_info</name>
         <load_address>0x7656</load_address>
         <run_address>0x7656</run_address>
         <size>0x1c7</size>
         <input_file_ref idref="fl-34"/>
      </object_component>
      <object_component id="oc-15a">
         <name>.debug_info</name>
         <load_address>0x781d</load_address>
         <run_address>0x781d</run_address>
         <size>0x46</size>
         <input_file_ref idref="fl-34"/>
      </object_component>
      <object_component id="oc-143">
         <name>.debug_info</name>
         <load_address>0x7863</load_address>
         <run_address>0x7863</run_address>
         <size>0x2c</size>
         <input_file_ref idref="fl-34"/>
      </object_component>
      <object_component id="oc-162">
         <name>.debug_info</name>
         <load_address>0x788f</load_address>
         <run_address>0x788f</run_address>
         <size>0x148</size>
         <input_file_ref idref="fl-37"/>
      </object_component>
      <object_component id="oc-2e5">
         <name>.debug_info</name>
         <load_address>0x79d7</load_address>
         <run_address>0x79d7</run_address>
         <size>0x145</size>
         <input_file_ref idref="fl-38"/>
      </object_component>
      <object_component id="oc-df">
         <name>.debug_info</name>
         <load_address>0x7b1c</load_address>
         <run_address>0x7b1c</run_address>
         <size>0x175</size>
         <input_file_ref idref="fl-39"/>
      </object_component>
      <object_component id="oc-3e">
         <name>.debug_info</name>
         <load_address>0x7c91</load_address>
         <run_address>0x7c91</run_address>
         <size>0x1df</size>
         <input_file_ref idref="fl-39"/>
      </object_component>
      <object_component id="oc-da">
         <name>.debug_info</name>
         <load_address>0x7e70</load_address>
         <run_address>0x7e70</run_address>
         <size>0x46</size>
         <input_file_ref idref="fl-39"/>
      </object_component>
      <object_component id="oc-148">
         <name>.debug_info</name>
         <load_address>0x7eb6</load_address>
         <run_address>0x7eb6</run_address>
         <size>0x2c</size>
         <input_file_ref idref="fl-39"/>
      </object_component>
      <object_component id="oc-140">
         <name>.debug_info</name>
         <load_address>0x7ee2</load_address>
         <run_address>0x7ee2</run_address>
         <size>0x16b</size>
         <input_file_ref idref="fl-3a"/>
      </object_component>
      <object_component id="oc-35">
         <name>.debug_info</name>
         <load_address>0x804d</load_address>
         <run_address>0x804d</run_address>
         <size>0x287</size>
         <input_file_ref idref="fl-3a"/>
      </object_component>
      <object_component id="oc-c9">
         <name>.debug_info</name>
         <load_address>0x82d4</load_address>
         <run_address>0x82d4</run_address>
         <size>0x60</size>
         <input_file_ref idref="fl-3a"/>
      </object_component>
      <object_component id="oc-194">
         <name>.debug_info</name>
         <load_address>0x8334</load_address>
         <run_address>0x8334</run_address>
         <size>0x46</size>
         <input_file_ref idref="fl-3a"/>
      </object_component>
      <object_component id="oc-13b">
         <name>.debug_info</name>
         <load_address>0x837a</load_address>
         <run_address>0x837a</run_address>
         <size>0x39</size>
         <input_file_ref idref="fl-3a"/>
      </object_component>
      <object_component id="oc-219">
         <name>.debug_info</name>
         <load_address>0x83b3</load_address>
         <run_address>0x83b3</run_address>
         <size>0x117</size>
         <input_file_ref idref="fl-3b"/>
      </object_component>
      <object_component id="oc-137">
         <name>.debug_info</name>
         <load_address>0x84ca</load_address>
         <run_address>0x84ca</run_address>
         <size>0x210</size>
         <input_file_ref idref="fl-3c"/>
      </object_component>
      <object_component id="oc-b7">
         <name>.debug_info</name>
         <load_address>0x86da</load_address>
         <run_address>0x86da</run_address>
         <size>0x101</size>
         <input_file_ref idref="fl-3c"/>
      </object_component>
      <object_component id="oc-3ae">
         <name>.debug_info</name>
         <load_address>0x87db</load_address>
         <run_address>0x87db</run_address>
         <size>0x138</size>
         <input_file_ref idref="fl-3c"/>
      </object_component>
      <object_component id="oc-3a5">
         <name>.debug_info</name>
         <load_address>0x8913</load_address>
         <run_address>0x8913</run_address>
         <size>0xfe</size>
         <input_file_ref idref="fl-3c"/>
      </object_component>
      <object_component id="oc-394">
         <name>.debug_info</name>
         <load_address>0x8a11</load_address>
         <run_address>0x8a11</run_address>
         <size>0x1a0</size>
         <input_file_ref idref="fl-3c"/>
      </object_component>
      <object_component id="oc-3ab">
         <name>.debug_info</name>
         <load_address>0x8bb1</load_address>
         <run_address>0x8bb1</run_address>
         <size>0x130</size>
         <input_file_ref idref="fl-3c"/>
      </object_component>
      <object_component id="oc-382">
         <name>.debug_info</name>
         <load_address>0x8ce1</load_address>
         <run_address>0x8ce1</run_address>
         <size>0x1c1</size>
         <input_file_ref idref="fl-3c"/>
      </object_component>
      <object_component id="oc-25a">
         <name>.debug_info</name>
         <load_address>0x8ea2</load_address>
         <run_address>0x8ea2</run_address>
         <size>0x2c</size>
         <input_file_ref idref="fl-3c"/>
      </object_component>
      <object_component id="oc-18f">
         <name>.debug_info</name>
         <load_address>0x8ece</load_address>
         <run_address>0x8ece</run_address>
         <size>0x6f</size>
         <input_file_ref idref="fl-3c"/>
      </object_component>
      <object_component id="oc-35c">
         <name>.debug_info</name>
         <load_address>0x8f3d</load_address>
         <run_address>0x8f3d</run_address>
         <size>0x158</size>
         <input_file_ref idref="fl-3d"/>
      </object_component>
      <object_component id="oc-2d7">
         <name>.debug_info</name>
         <load_address>0x9095</load_address>
         <run_address>0x9095</run_address>
         <size>0xf4</size>
         <input_file_ref idref="fl-3d"/>
      </object_component>
      <object_component id="oc-2e0">
         <name>.debug_info</name>
         <load_address>0x9189</load_address>
         <run_address>0x9189</run_address>
         <size>0xf8</size>
         <input_file_ref idref="fl-3d"/>
      </object_component>
      <object_component id="oc-355">
         <name>.debug_info</name>
         <load_address>0x9281</load_address>
         <run_address>0x9281</run_address>
         <size>0x123</size>
         <input_file_ref idref="fl-3d"/>
      </object_component>
      <object_component id="oc-142">
         <name>.debug_info</name>
         <load_address>0x93a4</load_address>
         <run_address>0x93a4</run_address>
         <size>0x176</size>
         <input_file_ref idref="fl-3f"/>
      </object_component>
      <object_component id="oc-d5">
         <name>.debug_info</name>
         <load_address>0x951a</load_address>
         <run_address>0x951a</run_address>
         <size>0x16f</size>
         <input_file_ref idref="fl-3f"/>
      </object_component>
      <object_component id="oc-2a9">
         <name>.debug_info</name>
         <load_address>0x9689</load_address>
         <run_address>0x9689</run_address>
         <size>0x171</size>
         <input_file_ref idref="fl-41"/>
      </object_component>
      <object_component id="oc-201">
         <name>.debug_info</name>
         <load_address>0x97fa</load_address>
         <run_address>0x97fa</run_address>
         <size>0x231</size>
         <input_file_ref idref="fl-41"/>
      </object_component>
      <object_component id="oc-bf">
         <name>.debug_info</name>
         <load_address>0x9a2b</load_address>
         <run_address>0x9a2b</run_address>
         <size>0x118</size>
         <input_file_ref idref="fl-42"/>
      </object_component>
      <object_component id="oc-3ff">
         <name>.debug_info</name>
         <load_address>0x9b43</load_address>
         <run_address>0x9b43</run_address>
         <size>0x93</size>
      </object_component>
      <object_component id="oc-343">
         <name>.debug_line</name>
         <load_address>0x0</load_address>
         <run_address>0x0</run_address>
         <size>0x55</size>
         <input_file_ref idref="fl-2"/>
      </object_component>
      <object_component id="oc-1de">
         <name>.debug_line</name>
         <load_address>0x55</load_address>
         <run_address>0x55</run_address>
         <size>0x60</size>
         <input_file_ref idref="fl-2"/>
      </object_component>
      <object_component id="oc-26a">
         <name>.debug_line</name>
         <load_address>0xb5</load_address>
         <run_address>0xb5</run_address>
         <size>0x52</size>
         <input_file_ref idref="fl-2"/>
      </object_component>
      <object_component id="oc-1fd">
         <name>.debug_line</name>
         <load_address>0x107</load_address>
         <run_address>0x107</run_address>
         <size>0x52</size>
         <input_file_ref idref="fl-2"/>
      </object_component>
      <object_component id="oc-348">
         <name>.debug_line</name>
         <load_address>0x159</load_address>
         <run_address>0x159</run_address>
         <size>0x5b</size>
         <input_file_ref idref="fl-2"/>
      </object_component>
      <object_component id="oc-298">
         <name>.debug_line</name>
         <load_address>0x1b4</load_address>
         <run_address>0x1b4</run_address>
         <size>0x6f</size>
         <input_file_ref idref="fl-2"/>
      </object_component>
      <object_component id="oc-1d5">
         <name>.debug_line</name>
         <load_address>0x223</load_address>
         <run_address>0x223</run_address>
         <size>0x57</size>
         <input_file_ref idref="fl-2"/>
      </object_component>
      <object_component id="oc-d1">
         <name>.debug_line</name>
         <load_address>0x27a</load_address>
         <run_address>0x27a</run_address>
         <size>0x20</size>
         <input_file_ref idref="fl-2"/>
      </object_component>
      <object_component id="oc-1ac">
         <name>.debug_line</name>
         <load_address>0x29a</load_address>
         <run_address>0x29a</run_address>
         <size>0x34</size>
         <input_file_ref idref="fl-2"/>
      </object_component>
      <object_component id="oc-306">
         <name>.debug_line</name>
         <load_address>0x2ce</load_address>
         <run_address>0x2ce</run_address>
         <size>0x47</size>
         <input_file_ref idref="fl-3"/>
      </object_component>
      <object_component id="oc-188">
         <name>.debug_line</name>
         <load_address>0x315</load_address>
         <run_address>0x315</run_address>
         <size>0x47</size>
         <input_file_ref idref="fl-3"/>
      </object_component>
      <object_component id="oc-314">
         <name>.debug_line</name>
         <load_address>0x35c</load_address>
         <run_address>0x35c</run_address>
         <size>0x49</size>
         <input_file_ref idref="fl-3"/>
      </object_component>
      <object_component id="oc-27e">
         <name>.debug_line</name>
         <load_address>0x3a5</load_address>
         <run_address>0x3a5</run_address>
         <size>0x48</size>
         <input_file_ref idref="fl-3"/>
      </object_component>
      <object_component id="oc-320">
         <name>.debug_line</name>
         <load_address>0x3ed</load_address>
         <run_address>0x3ed</run_address>
         <size>0x47</size>
         <input_file_ref idref="fl-3"/>
      </object_component>
      <object_component id="oc-319">
         <name>.debug_line</name>
         <load_address>0x434</load_address>
         <run_address>0x434</run_address>
         <size>0x46</size>
         <input_file_ref idref="fl-3"/>
      </object_component>
      <object_component id="oc-2cc">
         <name>.debug_line</name>
         <load_address>0x47a</load_address>
         <run_address>0x47a</run_address>
         <size>0x5f</size>
         <input_file_ref idref="fl-3"/>
      </object_component>
      <object_component id="oc-28b">
         <name>.debug_line</name>
         <load_address>0x4d9</load_address>
         <run_address>0x4d9</run_address>
         <size>0xad</size>
         <input_file_ref idref="fl-3"/>
      </object_component>
      <object_component id="oc-284">
         <name>.debug_line</name>
         <load_address>0x586</load_address>
         <run_address>0x586</run_address>
         <size>0x4a</size>
         <input_file_ref idref="fl-3"/>
      </object_component>
      <object_component id="oc-1f3">
         <name>.debug_line</name>
         <load_address>0x5d0</load_address>
         <run_address>0x5d0</run_address>
         <size>0x5e</size>
         <input_file_ref idref="fl-3"/>
      </object_component>
      <object_component id="oc-1e7">
         <name>.debug_line</name>
         <load_address>0x62e</load_address>
         <run_address>0x62e</run_address>
         <size>0x4e</size>
         <input_file_ref idref="fl-3"/>
      </object_component>
      <object_component id="oc-278">
         <name>.debug_line</name>
         <load_address>0x67c</load_address>
         <run_address>0x67c</run_address>
         <size>0x46</size>
         <input_file_ref idref="fl-3"/>
      </object_component>
      <object_component id="oc-1e1">
         <name>.debug_line</name>
         <load_address>0x6c2</load_address>
         <run_address>0x6c2</run_address>
         <size>0x4e</size>
         <input_file_ref idref="fl-3"/>
      </object_component>
      <object_component id="oc-210">
         <name>.debug_line</name>
         <load_address>0x710</load_address>
         <run_address>0x710</run_address>
         <size>0x49</size>
         <input_file_ref idref="fl-3"/>
      </object_component>
      <object_component id="oc-1b3">
         <name>.debug_line</name>
         <load_address>0x759</load_address>
         <run_address>0x759</run_address>
         <size>0x2e</size>
         <input_file_ref idref="fl-3"/>
      </object_component>
      <object_component id="oc-1b8">
         <name>.debug_line</name>
         <load_address>0x787</load_address>
         <run_address>0x787</run_address>
         <size>0x33</size>
         <input_file_ref idref="fl-3"/>
      </object_component>
      <object_component id="oc-273">
         <name>.debug_line</name>
         <load_address>0x7ba</load_address>
         <run_address>0x7ba</run_address>
         <size>0x6a</size>
         <input_file_ref idref="fl-4"/>
      </object_component>
      <object_component id="oc-30f">
         <name>.debug_line</name>
         <load_address>0x824</load_address>
         <run_address>0x824</run_address>
         <size>0x4a</size>
         <input_file_ref idref="fl-4"/>
      </object_component>
      <object_component id="oc-1d0">
         <name>.debug_line</name>
         <load_address>0x86e</load_address>
         <run_address>0x86e</run_address>
         <size>0x4e</size>
         <input_file_ref idref="fl-4"/>
      </object_component>
      <object_component id="oc-19e">
         <name>.debug_line</name>
         <load_address>0x8bc</load_address>
         <run_address>0x8bc</run_address>
         <size>0x7f</size>
         <input_file_ref idref="fl-5"/>
      </object_component>
      <object_component id="oc-26f">
         <name>.debug_line</name>
         <load_address>0x93b</load_address>
         <run_address>0x93b</run_address>
         <size>0x50</size>
         <input_file_ref idref="fl-5"/>
      </object_component>
      <object_component id="oc-1ee">
         <name>.debug_line</name>
         <load_address>0x98b</load_address>
         <run_address>0x98b</run_address>
         <size>0x50</size>
         <input_file_ref idref="fl-5"/>
      </object_component>
      <object_component id="oc-1c8">
         <name>.debug_line</name>
         <load_address>0x9db</load_address>
         <run_address>0x9db</run_address>
         <size>0x4e</size>
         <input_file_ref idref="fl-5"/>
      </object_component>
      <object_component id="oc-1c1">
         <name>.debug_line</name>
         <load_address>0xa29</load_address>
         <run_address>0xa29</run_address>
         <size>0x52</size>
         <input_file_ref idref="fl-5"/>
      </object_component>
      <object_component id="oc-1a7">
         <name>.debug_line</name>
         <load_address>0xa7b</load_address>
         <run_address>0xa7b</run_address>
         <size>0x34</size>
         <input_file_ref idref="fl-5"/>
      </object_component>
      <object_component id="oc-1a2">
         <name>.debug_line</name>
         <load_address>0xaaf</load_address>
         <run_address>0xaaf</run_address>
         <size>0x20</size>
         <input_file_ref idref="fl-5"/>
      </object_component>
      <object_component id="oc-1af">
         <name>.debug_line</name>
         <load_address>0xacf</load_address>
         <run_address>0xacf</run_address>
         <size>0x165</size>
         <input_file_ref idref="fl-6"/>
      </object_component>
      <object_component id="oc-256">
         <name>.debug_line</name>
         <load_address>0xc34</load_address>
         <run_address>0xc34</run_address>
         <size>0x2f</size>
         <input_file_ref idref="fl-6"/>
      </object_component>
      <object_component id="oc-2ab">
         <name>.debug_line</name>
         <load_address>0xc63</load_address>
         <run_address>0xc63</run_address>
         <size>0x2f</size>
         <input_file_ref idref="fl-6"/>
      </object_component>
      <object_component id="oc-2ad">
         <name>.debug_line</name>
         <load_address>0xc92</load_address>
         <run_address>0xc92</run_address>
         <size>0x47</size>
         <input_file_ref idref="fl-6"/>
      </object_component>
      <object_component id="oc-2b3">
         <name>.debug_line</name>
         <load_address>0xcd9</load_address>
         <run_address>0xcd9</run_address>
         <size>0x43</size>
         <input_file_ref idref="fl-6"/>
      </object_component>
      <object_component id="oc-2bc">
         <name>.debug_line</name>
         <load_address>0xd1c</load_address>
         <run_address>0xd1c</run_address>
         <size>0x42</size>
         <input_file_ref idref="fl-6"/>
      </object_component>
      <object_component id="oc-2c2">
         <name>.debug_line</name>
         <load_address>0xd5e</load_address>
         <run_address>0xd5e</run_address>
         <size>0x46</size>
         <input_file_ref idref="fl-6"/>
      </object_component>
      <object_component id="oc-2c8">
         <name>.debug_line</name>
         <load_address>0xda4</load_address>
         <run_address>0xda4</run_address>
         <size>0x44</size>
         <input_file_ref idref="fl-6"/>
      </object_component>
      <object_component id="oc-20a">
         <name>.debug_line</name>
         <load_address>0xde8</load_address>
         <run_address>0xde8</run_address>
         <size>0x70</size>
         <input_file_ref idref="fl-6"/>
      </object_component>
      <object_component id="oc-168">
         <name>.debug_line</name>
         <load_address>0xe58</load_address>
         <run_address>0xe58</run_address>
         <size>0x8a</size>
         <input_file_ref idref="fl-6"/>
      </object_component>
      <object_component id="oc-131">
         <name>.debug_line</name>
         <load_address>0xee2</load_address>
         <run_address>0xee2</run_address>
         <size>0x3c</size>
         <input_file_ref idref="fl-6"/>
      </object_component>
      <object_component id="oc-e9">
         <name>.debug_line</name>
         <load_address>0xf1e</load_address>
         <run_address>0xf1e</run_address>
         <size>0x55</size>
         <input_file_ref idref="fl-6"/>
      </object_component>
      <object_component id="oc-ef">
         <name>.debug_line</name>
         <load_address>0xf73</load_address>
         <run_address>0xf73</run_address>
         <size>0x5a</size>
         <input_file_ref idref="fl-6"/>
      </object_component>
      <object_component id="oc-38e">
         <name>.debug_line</name>
         <load_address>0xfcd</load_address>
         <run_address>0xfcd</run_address>
         <size>0xbf</size>
         <input_file_ref idref="fl-21"/>
      </object_component>
      <object_component id="oc-3b2">
         <name>.debug_line</name>
         <load_address>0x108c</load_address>
         <run_address>0x108c</run_address>
         <size>0x53</size>
         <input_file_ref idref="fl-21"/>
      </object_component>
      <object_component id="oc-32a">
         <name>.debug_line</name>
         <load_address>0x10df</load_address>
         <run_address>0x10df</run_address>
         <size>0x81</size>
         <input_file_ref idref="fl-21"/>
      </object_component>
      <object_component id="oc-292">
         <name>.debug_line</name>
         <load_address>0x1160</load_address>
         <run_address>0x1160</run_address>
         <size>0x42</size>
         <input_file_ref idref="fl-21"/>
      </object_component>
      <object_component id="oc-33f">
         <name>.debug_line</name>
         <load_address>0x11a2</load_address>
         <run_address>0x11a2</run_address>
         <size>0x48</size>
         <input_file_ref idref="fl-21"/>
      </object_component>
      <object_component id="oc-2a1">
         <name>.debug_line</name>
         <load_address>0x11ea</load_address>
         <run_address>0x11ea</run_address>
         <size>0x45</size>
         <input_file_ref idref="fl-21"/>
      </object_component>
      <object_component id="oc-38b">
         <name>.debug_line</name>
         <load_address>0x122f</load_address>
         <run_address>0x122f</run_address>
         <size>0x2e</size>
         <input_file_ref idref="fl-21"/>
      </object_component>
      <object_component id="oc-332">
         <name>.debug_line</name>
         <load_address>0x125d</load_address>
         <run_address>0x125d</run_address>
         <size>0x8a</size>
         <input_file_ref idref="fl-21"/>
      </object_component>
      <object_component id="oc-263">
         <name>.debug_line</name>
         <load_address>0x12e7</load_address>
         <run_address>0x12e7</run_address>
         <size>0x64</size>
         <input_file_ref idref="fl-22"/>
      </object_component>
      <object_component id="oc-c7">
         <name>.debug_line</name>
         <load_address>0x134b</load_address>
         <run_address>0x134b</run_address>
         <size>0x40</size>
         <input_file_ref idref="fl-23"/>
      </object_component>
      <object_component id="oc-e4">
         <name>.debug_line</name>
         <load_address>0x138b</load_address>
         <run_address>0x138b</run_address>
         <size>0x3d</size>
         <input_file_ref idref="fl-2f"/>
      </object_component>
      <object_component id="oc-bd">
         <name>.debug_line</name>
         <load_address>0x13c8</load_address>
         <run_address>0x13c8</run_address>
         <size>0x4e</size>
         <input_file_ref idref="fl-30"/>
      </object_component>
      <object_component id="oc-338">
         <name>.debug_line</name>
         <load_address>0x1416</load_address>
         <run_address>0x1416</run_address>
         <size>0x42</size>
         <input_file_ref idref="fl-31"/>
      </object_component>
      <object_component id="oc-134">
         <name>.debug_line</name>
         <load_address>0x1458</load_address>
         <run_address>0x1458</run_address>
         <size>0x2a</size>
         <input_file_ref idref="fl-32"/>
      </object_component>
      <object_component id="oc-108">
         <name>.debug_line</name>
         <load_address>0x1482</load_address>
         <run_address>0x1482</run_address>
         <size>0x46</size>
         <input_file_ref idref="fl-32"/>
      </object_component>
      <object_component id="oc-368">
         <name>.debug_line</name>
         <load_address>0x14c8</load_address>
         <run_address>0x14c8</run_address>
         <size>0xb7</size>
         <input_file_ref idref="fl-33"/>
      </object_component>
      <object_component id="oc-22c">
         <name>.debug_line</name>
         <load_address>0x157f</load_address>
         <run_address>0x157f</run_address>
         <size>0x8b</size>
         <input_file_ref idref="fl-33"/>
      </object_component>
      <object_component id="oc-36c">
         <name>.debug_line</name>
         <load_address>0x160a</load_address>
         <run_address>0x160a</run_address>
         <size>0x2e</size>
         <input_file_ref idref="fl-33"/>
      </object_component>
      <object_component id="oc-378">
         <name>.debug_line</name>
         <load_address>0x1638</load_address>
         <run_address>0x1638</run_address>
         <size>0x92</size>
         <input_file_ref idref="fl-33"/>
      </object_component>
      <object_component id="oc-2f9">
         <name>.debug_line</name>
         <load_address>0x16ca</load_address>
         <run_address>0x16ca</run_address>
         <size>0x8f</size>
         <input_file_ref idref="fl-33"/>
      </object_component>
      <object_component id="oc-371">
         <name>.debug_line</name>
         <load_address>0x1759</load_address>
         <run_address>0x1759</run_address>
         <size>0x8b</size>
         <input_file_ref idref="fl-33"/>
      </object_component>
      <object_component id="oc-1bb">
[...]
         <value>0xcb08</value>
         <object_component_ref idref="oc-1da"/>
      </symbol>
      <symbol id="sm-ef">
         <name>_Z7strsizePKc</name>
         <value>0xcd4a</value>
         <object_component_ref idref="oc-265"/>
      </symbol>
      <symbol id="sm-f0">
         <name>_Z4itoamPci</name>
         <value>0xc41e</value>
         <object_component_ref idref="oc-297"/>
      </symbol>
      <symbol id="sm-f1">
         <name>_Z7memcopyPvPKvj</name>
         <value>0xccf2</value>
         <object_component_ref idref="oc-1f9"/>
      </symbol>
      <symbol id="sm-175">
         <name>_ZN5Rc5227ReadRegEh</name>
         <value>0xc9dc</value>
         <object_component_ref idref="oc-312"/>
      </symbol>
      <symbol id="sm-176">
         <name>_ZN5Rc5228WriteRegEhh</name>
         <value>0xca1e</value>
         <object_component_ref idref="oc-27d"/>
      </symbol>
      <symbol id="sm-177">
         <name>_ZN5Rc52211CalulateCRCEPhhS0_</name>
         <value>0xc4a4</value>
         <object_component_ref idref="oc-2cb"/>
      </symbol>
      <symbol id="sm-178">
         <name>_ZN5Rc5229AntennaOnEv</name>
         <value>0xcc6a</value>
         <object_component_ref idref="oc-283"/>
      </symbol>
      <symbol id="sm-179">
         <name>_ZN5Rc5224HaltEv</name>
         <value>0xc950</value>
         <object_component_ref idref="oc-20f"/>
      </symbol>
      <symbol id="sm-17a">
         <name>_ZN5Rc522C1Eii</name>
         <value>0xca98</value>
         <object_component_ref idref="oc-186"/>
      </symbol>
      <symbol id="sm-17b">
         <name>_ZN5Rc52212ClearBitMaskEhh</name>
         <value>0xccd2</value>
         <object_component_ref idref="oc-31f"/>
      </symbol>
      <symbol id="sm-17c">
         <name>_ZN5Rc5226ToCardEhPhhS0_Pj</name>
         <value>0xc1e0</value>
         <object_component_ref idref="oc-28a"/>
      </symbol>
      <symbol id="sm-17d">
         <name>_ZN5Rc5228AnticollEPh</name>
         <value>0xc702</value>
         <object_component_ref idref="oc-1f2"/>
      </symbol>
      <symbol id="sm-17e">
         <name>_ZN5Rc5227RequestEhPh</name>
         <value>0xc81e</value>
         <object_component_ref idref="oc-1e6"/>
      </symbol>
      <symbol id="sm-17f">
         <name>_ZN5Rc5225ResetEv</name>
         <value>0xce0c</value>
         <object_component_ref idref="oc-277"/>
      </symbol>
      <symbol id="sm-180">
         <name>_ZN5Rc52210SetBitMaskEhh</name>
         <value>0xccb2</value>
         <object_component_ref idref="oc-318"/>
      </symbol>
      <symbol id="sm-181">
         <name>_ZN5Rc522C2Eii</name>
         <value>0xca98</value>
         <object_component_ref idref="oc-186"/>
      </symbol>
      <symbol id="sm-182">
         <name>_ZN5Rc5224InitEv</name>
         <value>0xc624</value>
         <object_component_ref idref="oc-1e0"/>
      </symbol>
      <symbol id="sm-198">
         <name>Serial_SPI</name>
         <value>0x288</value>
      </symbol>
      <symbol id="sm-199">
         <name>_ZN15Serial_SPIClass8transferEh</name>
         <value>0xcdc2</value>
         <object_component_ref idref="oc-30b"/>
      </symbol>
      <symbol id="sm-19a">
         <name>_ZN15Serial_SPIClass4initEv</name>
         <value>0xcbfa</value>
         <object_component_ref idref="oc-1ce"/>
      </symbol>
      <symbol id="sm-1c8">
         <name>Serial_UART</name>
         <value>0x250</value>
      </symbol>
      <symbol id="sm-1c9">
         <name>_ZN16Serial_UARTClass4initEm</name>
         <value>0xc906</value>
         <object_component_ref idref="oc-1bd"/>
      </symbol>
      <symbol id="sm-1ca">
         <name>_ZN16Serial_UARTClass5printEh</name>
         <value>0xca5c</value>
         <object_component_ref idref="oc-1ec"/>
      </symbol>
      <symbol id="sm-1cb">
         <name>_ZN16Serial_UARTClass5writeEPhii</name>
         <value>0xcc20</value>
         <object_component_ref idref="oc-26b"/>
      </symbol>
      <symbol id="sm-1cc">
         <name>_ZN16Serial_UARTClass5printEPKc</name>
         <value>0xcd10</value>
         <object_component_ref idref="oc-1c4"/>
      </symbol>
      <symbol id="sm-243">
         <name>serNum</name>
         <value>0x27c</value>
      </symbol>
      <symbol id="sm-244">
         <name>nome_cliente</name>
         <value>0x266</value>
      </symbol>
      <symbol id="sm-245">
         <name>rc522</name>
         <value>0x282</value>
         <object_component_ref idref="oc-183"/>
      </symbol>
      <symbol id="sm-246">
         <name>_Z14Entrada_Serialv</name>
         <value>0xcbd4</value>
         <object_component_ref idref="oc-2c4"/>
      </symbol>
      <symbol id="sm-247">
         <name>_Z11Abrir_Portav</name>
         <value>0xcd62</value>
         <object_component_ref idref="oc-2b2"/>
      </symbol>
      <symbol id="sm-248">
         <name>__TI_int06</name>
         <value>0xffec</value>
         <object_component_ref idref="oc-44"/>
      </symbol>
      <symbol id="sm-249">
         <name>__TI_int07</name>
         <value>0xffee</value>
         <object_component_ref idref="oc-45"/>
      </symbol>
      <symbol id="sm-24a">
         <name>_Z11USCI0RX_ISRv</name>
         <value>0xc86e</value>
         <object_component_ref idref="oc-eb"/>
      </symbol>
      <symbol id="sm-24b">
         <name>ENTRADA2</name>
         <value>0x28c</value>
         <object_component_ref idref="oc-206"/>
      </symbol>
      <symbol id="sm-24c">
         <name>ENTRADA1</name>
         <value>0x28a</value>
         <object_component_ref idref="oc-206"/>
      </symbol>
      <symbol id="sm-24d">
         <name>_Z12Fechar_Portav</name>
         <value>0xce00</value>
         <object_component_ref idref="oc-2b8"/>
      </symbol>
      <symbol id="sm-24e">
         <name>__sti___8_main_cpp_rc522</name>
         <value>0xcdf2</value>
         <object_component_ref idref="oc-12d"/>
      </symbol>
      <symbol id="sm-24f">
         <name>main</name>
         <value>0xc000</value>
         <object_component_ref idref="oc-167"/>
      </symbol>
      <symbol id="sm-250">
         <name>_Z12Tente_Serialv</name>
         <value>0xcbae</value>
         <object_component_ref idref="oc-2ac"/>
      </symbol>
      <symbol id="sm-251">
         <name>_Z12Func_Printari</name>
         <value>0xc696</value>
         <object_component_ref idref="oc-209"/>
      </symbol>
      <symbol id="sm-252">
         <name>_Z12Saida_Serialv</name>
         <value>0xcb88</value>
         <object_component_ref idref="oc-2be"/>
      </symbol>
      <symbol id="sm-253">
         <name>_Z11USCI0TX_ISRv</name>
         <value>0xc99a</value>
         <object_component_ref idref="oc-e5"/>
      </symbol>
      <symbol id="sm-289">
         <name>_Znaj</name>
         <value>0xce34</value>
         <object_component_ref idref="oc-291"/>
      </symbol>
      <symbol id="sm-28a">
         <name>_Znwj</name>
         <value>0xcc8e</value>
         <object_component_ref idref="oc-326"/>
      </symbol>
      <symbol id="sm-28b">
         <name>_ZdlPv</name>
         <value>0xce18</value>
         <object_component_ref idref="oc-33b"/>
      </symbol>
      <symbol id="sm-28c">
         <name>_ZdaPv</name>
         <value>0xce30</value>
         <object_component_ref idref="oc-29d"/>
      </symbol>
      <symbol id="sm-29a">
         <name>__mspabi_remul</name>
         <value>0xc7c6</value>
         <object_component_ref idref="oc-25f"/>
      </symbol>
      <symbol id="sm-29b">
         <name>__mspabi_divul</name>
         <value>0xc7c6</value>
         <object_component_ref idref="oc-25f"/>
      </symbol>
      <symbol id="sm-2a4">
         <name>__mspabi_func_epilog_2</name>
         <value>0xcddc</value>
         <object_component_ref idref="oc-c3"/>
      </symbol>
      <symbol id="sm-2a5">
         <name>__mspabi_func_epilog_3</name>
         <value>0xcdda</value>
         <object_component_ref idref="oc-c3"/>
      </symbol>
      <symbol id="sm-2a6">
         <name>__mspabi_func_epilog_1</name>
         <value>0xcdde</value>
         <object_component_ref idref="oc-c3"/>
      </symbol>
      <symbol id="sm-2a7">
         <name>__mspabi_func_epilog_6</name>
         <value>0xcdd4</value>
         <object_component_ref idref="oc-c3"/>
      </symbol>
      <symbol id="sm-2a8">
         <name>__mspabi_func_epilog_7</name>
         <value>0xcdd2</value>
         <object_component_ref idref="oc-c3"/>
      </symbol>
      <symbol id="sm-2a9">
         <name>__mspabi_func_epilog_4</name>
         <value>0xcdd8</value>
         <object_component_ref idref="oc-c3"/>
      </symbol>
      <symbol id="sm-2aa">
         <name>__mspabi_func_epilog_5</name>
         <value>0xcdd6</value>
         <object_component_ref idref="oc-c3"/>
      </symbol>
      <symbol id="sm-2ad">
         <name>__TI_int00</name>
         <value>0xffe0</value>
         <object_component_ref idref="oc-40"/>
      </symbol>
      <symbol id="sm-2b0">
         <name>__TI_int02</name>
         <value>0xffe4</value>
         <object_component_ref idref="oc-41"/>
      </symbol>
      <symbol id="sm-2b3">
         <name>__TI_int03</name>
         <value>0xffe6</value>
         <object_component_ref idref="oc-42"/>
      </symbol>
      <symbol id="sm-2b6">
         <name>__TI_int05</name>
         <value>0xffea</value>
         <object_component_ref idref="oc-43"/>
      </symbol>
      <symbol id="sm-2b9">
         <name>__TI_int08</name>
         <value>0xfff0</value>
         <object_component_ref idref="oc-46"/>
      </symbol>
      <symbol id="sm-2bc">
         <name>__TI_int09</name>
         <value>0xfff2</value>
         <object_component_ref idref="oc-47"/>
      </symbol>
      <symbol id="sm-2bf">
         <name>__TI_int10</name>
         <value>0xfff4</value>
         <object_component_ref idref="oc-48"/>
      </symbol>
      <symbol id="sm-2c2">
         <name>__TI_int11</name>
         <value>0xfff6</value>
         <object_component_ref idref="oc-49"/>
      </symbol>
      <symbol id="sm-2c5">
         <name>__TI_int12</name>
         <value>0xfff8</value>
         <object_component_ref idref="oc-4a"/>
      </symbol>
      <symbol id="sm-2c8">
         <name>__TI_int13</name>
         <value>0xfffa</value>
         <object_component_ref idref="oc-4b"/>
      </symbol>
      <symbol id="sm-2cb">
         <name>__TI_int14</name>
         <value>0xfffc</value>
         <object_component_ref idref="oc-4c"/>
      </symbol>
      <symbol id="sm-2d3">
         <name>__TI_ISR_TRAP</name>
         <value>0xce22</value>
         <object_component_ref idref="oc-e0"/>
      </symbol>
      <symbol id="sm-2db">
         <name>__mspabi_slli</name>
         <value>0xcb34</value>
         <object_component_ref idref="oc-b9"/>
      </symbol>
      <symbol id="sm-2dc">
         <name>__mspabi_slli_9</name>
         <value>0xcb4c</value>
         <object_component_ref idref="oc-b9"/>
      </symbol>
      <symbol id="sm-2dd">
         <name>__mspabi_slli_8</name>
         <value>0xcb4e</value>
         <object_component_ref idref="oc-b9"/>
      </symbol>
      <symbol id="sm-2de">
         <name>__mspabi_slli_7</name>
         <value>0xcb50</value>
         <object_component_ref idref="oc-b9"/>
      </symbol>
      <symbol id="sm-2df">
         <name>__mspabi_slli_6</name>
         <value>0xcb52</value>
         <object_component_ref idref="oc-b9"/>
      </symbol>
      <symbol id="sm-2e0">
         <name>__mspabi_slli_5</name>
         <value>0xcb54</value>
         <object_component_ref idref="oc-b9"/>
      </symbol>
      <symbol id="sm-2e1">
         <name>__mspabi_slli_4</name>
         <value>0xcb56</value>
         <object_component_ref idref="oc-b9"/>
      </symbol>
      <symbol id="sm-2e2">
         <name>__mspabi_slli_3</name>
         <value>0xcb58</value>
         <object_component_ref idref="oc-b9"/>
      </symbol>
      <symbol id="sm-2e3">
         <name>__mspabi_slli_2</name>
         <value>0xcb5a</value>
         <object_component_ref idref="oc-b9"/>
      </symbol>
      <symbol id="sm-2e4">
         <name>__mspabi_slli_1</name>
         <value>0xcb5c</value>
         <object_component_ref idref="oc-b9"/>
      </symbol>
      <symbol id="sm-2e5">
         <name>__mspabi_slli_15</name>
         <value>0xcb40</value>
         <object_component_ref idref="oc-b9"/>
      </symbol>
      <symbol id="sm-2e6">
         <name>__mspabi_slli_14</name>
         <value>0xcb42</value>
         <object_component_ref idref="oc-b9"/>
      </symbol>
      <symbol id="sm-2e7">
         <name>__mspabi_slli_13</name>
         <value>0xcb44</value>
         <object_component_ref idref="oc-b9"/>
      </symbol>
      <symbol id="sm-2e8">
         <name>__mspabi_slli_12</name>
         <value>0xcb46</value>
         <object_component_ref idref="oc-b9"/>
      </symbol>
      <symbol id="sm-2e9">
         <name>__mspabi_slli_11</name>
         <value>0xcb48</value>
         <object_component_ref idref="oc-b9"/>
      </symbol>
      <symbol id="sm-2ea">
         <name>__mspabi_slli_10</name>
         <value>0xcb4a</value>
         <object_component_ref idref="oc-b9"/>
      </symbol>
      <symbol id="sm-2f4">
         <name>__mspabi_mpyi_sw</name>
         <value>0xcd8a</value>
         <object_component_ref idref="oc-334"/>
      </symbol>
      <symbol id="sm-2f5">
         <name>__mspabi_mpyi</name>
         <value>0xcd8a</value>
         <object_component_ref idref="oc-334"/>
      </symbol>
      <symbol id="sm-305">
         <name>_stack</name>
         <value>0x3b0</value>
         <object_component_ref idref="oc-b2"/>
      </symbol>
      <symbol id="sm-306">
         <name>_c_int00_noargs</name>
         <value>0xcd2e</value>
         <object_component_ref idref="oc-103"/>
      </symbol>
      <symbol id="sm-307">
         <name>_reset_vector</name>
         <value>0xfffe</value>
         <object_component_ref idref="oc-b5"/>
      </symbol>
      <symbol id="sm-32c">
         <name>__TI_auto_init_nobinit</name>
         <value>0xc76a</value>
         <object_component_ref idref="oc-228"/>
      </symbol>
      <symbol id="sm-344">
         <name>__TI_zero_init_nomemset</name>
         <value>0xcd76</value>
         <object_component_ref idref="oc-f1"/>
      </symbol>
      <symbol id="sm-34f">
         <name>_system_pre_init</name>
         <value>0xce38</value>
         <object_component_ref idref="oc-161"/>
      </symbol>
      <symbol id="sm-358">
         <name>_system_post_cinit</name>
         <value>0xce3e</value>
         <object_component_ref idref="oc-2e4"/>
      </symbol>
      <symbol id="sm-36e">
         <name>__TI_decompress_none</name>
         <value>0xcd9e</value>
         <object_component_ref idref="oc-3a"/>
      </symbol>
      <symbol id="sm-391">
         <name>__TI_decompress_lzss</name>
         <value>0xc5a8</value>
         <object_component_ref idref="oc-34"/>
      </symbol>
      <symbol id="sm-39b">
         <name>C$$EXIT</name>
         <value>0xce2a</value>
         <object_component_ref idref="oc-216"/>
      </symbol>
      <symbol id="sm-39c">
         <name>abort</name>
         <value>0xce2a</value>
         <object_component_ref idref="oc-216"/>
      </symbol>
      <symbol id="sm-3ed">
         <name>_sys_memory</name>
         <value>0x200</value>
         <object_component_ref idref="oc-b6"/>
      </symbol>
      <symbol id="sm-3ee">
         <name>free</name>
         <value>0xc528</value>
         <object_component_ref idref="oc-390"/>
      </symbol>
      <symbol id="sm-3ef">
         <name>malloc</name>
         <value>0xc36c</value>
         <object_component_ref idref="oc-37e"/>
      </symbol>
      <symbol id="sm-3f0">
         <name>minit</name>
         <value>0xcad0</value>
         <object_component_ref idref="oc-3a7"/>
      </symbol>
      <symbol id="sm-406">
         <name>_nop</name>
         <value>0xce3c</value>
         <object_component_ref idref="oc-354"/>
      </symbol>
      <symbol id="sm-407">
         <name>_lock</name>
         <value>0x28e</value>
         <object_component_ref idref="oc-2d6"/>
      </symbol>
      <symbol id="sm-408">
         <name>_unlock</name>
         <value>0x290</value>
         <object_component_ref idref="oc-2df"/>
      </symbol>
      <symbol id="sm-417">
         <name>memcpy</name>
         <value>0xcdb0</value>
         <object_component_ref idref="oc-d3"/>
      </symbol>
      <symbol id="sm-425">
         <name>strcpy</name>
         <value>0xcde2</value>
         <object_component_ref idref="oc-200"/>
      </symbol>
      <symbol id="sm-42d">
         <name>__mspabi_srli_8</name>
         <value>0xc8e4</value>
         <object_component_ref idref="oc-be"/>
      </symbol>
      <symbol id="sm-42e">
         <name>__mspabi_srli_9</name>
         <value>0xc8e0</value>
         <object_component_ref idref="oc-be"/>
      </symbol>
      <symbol id="sm-42f">
         <name>__mspabi_srli_6</name>
         <value>0xc8ec</value>
         <object_component_ref idref="oc-be"/>
      </symbol>
      <symbol id="sm-430">
         <name>__mspabi_srli_7</name>
         <value>0xc8e8</value>
         <object_component_ref idref="oc-be"/>
      </symbol>
      <symbol id="sm-431">
         <name>__mspabi_srli_4</name>
         <value>0xc8f4</value>
         <object_component_ref idref="oc-be"/>
      </symbol>
      <symbol id="sm-432">
         <name>__mspabi_srli_5</name>
         <value>0xc8f0</value>
         <object_component_ref idref="oc-be"/>
      </symbol>
      <symbol id="sm-433">
         <name>__mspabi_srli_2</name>
         <value>0xc8fc</value>
         <object_component_ref idref="oc-be"/>
      </symbol>
      <symbol id="sm-434">
         <name>__mspabi_srli_3</name>
         <value>0xc8f8</value>
         <object_component_ref idref="oc-be"/>
      </symbol>
      <symbol id="sm-435">
         <name>__mspabi_srli_1</name>
         <value>0xc900</value>
         <object_component_ref idref="oc-be"/>
      </symbol>
      <symbol id="sm-436">
         <name>__mspabi_srli</name>
         <value>0xc8ba</value>
         <object_component_ref idref="oc-be"/>
      </symbol>
      <symbol id="sm-437">
         <name>__mspabi_srli_15</name>
         <value>0xc8c8</value>
         <object_component_ref idref="oc-be"/>
      </symbol>
      <symbol id="sm-438">
         <name>__mspabi_srli_14</name>
         <value>0xc8cc</value>
         <object_component_ref idref="oc-be"/>
      </symbol>
      <symbol id="sm-439">
         <name>__mspabi_srli_13</name>
         <value>0xc8d0</value>
         <object_component_ref idref="oc-be"/>
      </symbol>
      <symbol id="sm-43a">
         <name>__mspabi_srli_12</name>
         <value>0xc8d4</value>
         <object_component_ref idref="oc-be"/>
      </symbol>
      <symbol id="sm-43b">
         <name>__mspabi_srli_11</name>
         <value>0xc8d8</value>
         <object_component_ref idref="oc-be"/>
      </symbol>
      <symbol id="sm-43c">
         <name>__mspabi_srli_10</name>
         <value>0xc8dc</value>
         <object_component_ref idref="oc-be"/>
      </symbol>
      <symbol id="sm-440">
         <name>_ZSt17__throw_bad_allocv</name>
         <value>0xce2a</value>
      </symbol>
   </symbol_table>
   <title>Link successful</title>
</link_info>
