******************************************************************************
                  MSP430 Linker PC v18.1.2                     
******************************************************************************
>> Linked Thu Jun 21 20:11:14 2018

OUTPUT FILE NAME:   <MicroTeste.out>
ENTRY POINT SYMBOL: "_c_int00_noargs"  address: 0000cd2e


MEMORY CONFIGURATION

         name            origin    length      used     unused   attr    fill
----------------------  --------  ---------  --------  --------  ----  --------
  SFR                   00000000   00000010  00000000  00000010  RWIX
  PERIPHERALS_8BIT      00000010   000000f0  00000000  000000f0  RWIX
  PERIPHERALS_16BIT     00000100   00000100  00000000  00000100  RWIX
  RAM                   00000200   00000200  000000e3  0000011d  RWIX
  INFOD                 00001000   00000040  00000000  00000040  RWIX
  INFOC                 00001040   00000040  00000000  00000040  RWIX
  INFOB                 00001080   00000040  00000000  00000040  RWIX
  INFOA                 000010c0   00000040  00000000  00000040  RWIX
  FLASH                 0000c000   00003fde  00000f46  00003098  RWIX
  BSLSIGNATURE          0000ffde   00000002  00000002  00000000  RWIX  ffff 
  INT00                 0000ffe0   00000002  00000002  00000000  RWIX
  INT01                 0000ffe2   00000002  00000000  00000002  RWIX
  INT02                 0000ffe4   00000002  00000002  00000000  RWIX
  INT03                 0000ffe6   00000002  00000002  00000000  RWIX
  INT04                 0000ffe8   00000002  00000000  00000002  RWIX
  INT05                 0000ffea   00000002  00000002  00000000  RWIX
  INT06                 0000ffec   00000002  00000002  00000000  RWIX
  INT07                 0000ffee   00000002  00000002  00000000  RWIX
  INT08                 0000fff0   00000002  00000002  00000000  RWIX
  INT09                 0000fff2   00000002  00000002  00000000  RWIX
  INT10                 0000fff4   00000002  00000002  00000000  RWIX
  INT11                 0000fff6   00000002  00000002  00000000  RWIX
  INT12                 0000fff8   00000002  00000002  00000000  RWIX
  INT13                 0000fffa   00000002  00000002  00000000  RWIX
  INT14                 0000fffc   00000002  00000002  00000000  RWIX
  RESET                 0000fffe   00000002  00000002  00000000  RWIX


SECTION ALLOCATION MAP

 output                                  attributes/
section   page    origin      length       input sections
--------  ----  ----------  ----------   ----------------
.bss       0    00000250    00000039     UNINITIALIZED
                  00000250    00000016     (.common:Serial_UART)
                  00000266    00000010     (.common:nome_cliente)
                  00000276    00000006     rts430_eabi.lib : memory.c.obj (.bss)
                  0000027c    00000006     (.common:serNum)
                  00000282    00000004     main.obj (.bss:rc522)
                  00000286    00000002     rts430_eabi.lib : new.cpp.obj (.bss)
                  00000288    00000001     (.common:Serial_SPI)

.data      0    0000028a    0000000a     UNINITIALIZED
                  0000028a    00000004     main.obj (.data)
                  0000028e    00000002     rts430_eabi.lib : _lock.c.obj (.data:_lock)
                  00000290    00000002                     : _lock.c.obj (.data:_unlock)
                  00000292    00000002                     : memory.c.obj (.data)

.sysmem    0    00000200    00000050     UNINITIALIZED
                  00000200    00000004     rts430_eabi.lib : memory.c.obj (.sysmem)
                  00000204    0000004c     --HOLE--

.stack     0    000003b0    00000050     UNINITIALIZED
                  000003b0    00000002     rts430_eabi.lib : boot.c.obj (.stack)
                  000003b2    0000004e     --HOLE--

.text      0    0000c000    00000e40     
                  0000c000    000001e0     main.obj (.text:main)
                  0000c1e0    0000018c     Rc522.obj (.text:_ZN5Rc5226ToCardEhPhhS0_Pj)
                  0000c36c    000000b2     rts430_eabi.lib : memory.c.obj (.text:malloc)
                  0000c41e    00000086     BasicsFuncs.obj (.text:_Z4itoamPci)
                  0000c4a4    00000084     Rc522.obj (.text:_ZN5Rc52211CalulateCRCEPhhS0_)
                  0000c528    00000080     rts430_eabi.lib : memory.c.obj (.text:free)
                  0000c5a8    0000007c                     : copy_decompress_lzss.c.obj (.text:decompress:lzss:__TI_decompress_lzss)
                  0000c624    00000072     Rc522.obj (.text:_ZN5Rc5224InitEv)
                  0000c696    0000006c     main.obj (.text:_Z12Func_Printari)
                  0000c702    00000068     Rc522.obj (.text:_ZN5Rc5228AnticollEPh)
                  0000c76a    0000005c     rts430_eabi.lib : autoinit.c.obj (.text:__TI_auto_init_nobinit:__TI_auto_init_nobinit)
                  0000c7c6    00000058                     : div32u.asm.obj (.text)
                  0000c81e    00000050     Rc522.obj (.text:_ZN5Rc5227RequestEhPh)
                  0000c86e    0000004c     main.obj (.text:_Z11USCI0RX_ISRv)
                  0000c8ba    0000004c     rts430_eabi.lib : lsr16.asm.obj (.text)
                  0000c906    0000004a     Serial_UART.obj (.text:_ZN16Serial_UARTClass4initEm)
                  0000c950    0000004a     Rc522.obj (.text:_ZN5Rc5224HaltEv)
                  0000c99a    00000042     main.obj (.text:_Z11USCI0TX_ISRv)
                  0000c9dc    00000042     Rc522.obj (.text:_ZN5Rc5227ReadRegEh)
                  0000ca1e    0000003e     Rc522.obj (.text:_ZN5Rc5228WriteRegEhh)
                  0000ca5c    0000003c     Serial_UART.obj (.text:_ZN16Serial_UARTClass5printEh)
                  0000ca98    00000038     Rc522.obj (.text:_ZN5Rc522C1Eii)
                  0000cad0    00000038     rts430_eabi.lib : memory.c.obj (.text:minit)
                  0000cb08    0000002c     BasicsFuncs.obj (.text:_Z8pinModeAhhh)
                  0000cb34    0000002c     rts430_eabi.lib : lsl16.asm.obj (.text)
                  0000cb60    00000028     BasicsFuncs.obj (.text:_Z7delaymsj)
                  0000cb88    00000026     main.obj (.text:_Z12Saida_Serialv)
                  0000cbae    00000026     main.obj (.text:_Z12Tente_Serialv)
                  0000cbd4    00000026     main.obj (.text:_Z14Entrada_Serialv)
                  0000cbfa    00000026     Serial_SPI.obj (.text:_ZN15Serial_SPIClass4initEv)
                  0000cc20    00000026     Serial_UART.obj (.text:_ZN16Serial_UARTClass5writeEPhii)
                  0000cc46    00000024     BasicsFuncs.obj (.text:_Z13digitalWriteAhhh)
                  0000cc6a    00000024     Rc522.obj (.text:_ZN5Rc5229AntennaOnEv)
                  0000cc8e    00000024     rts430_eabi.lib : new.cpp.obj (.text:_Znwj)
                  0000ccb2    00000020     Rc522.obj (.text:_ZN5Rc52210SetBitMaskEhh)
                  0000ccd2    00000020     Rc522.obj (.text:_ZN5Rc52212ClearBitMaskEhh)
                  0000ccf2    0000001e     BasicsFuncs.obj (.text:_Z7memcopyPvPKvj)
                  0000cd10    0000001e     Serial_UART.obj (.text:_ZN16Serial_UARTClass5printEPKc)
                  0000cd2e    0000001c     rts430_eabi.lib : boot.c.obj (.text:_c_int00_noargs)
                  0000cd4a    00000018     BasicsFuncs.obj (.text:_Z7strsizePKc)
                  0000cd62    00000014     main.obj (.text:_Z11Abrir_Portav)
                  0000cd76    00000014     rts430_eabi.lib : copy_zero_init.c.obj (.text:decompress:ZI:__TI_zero_init_nomemset:__TI_zero_init_nomemset)
                  0000cd8a    00000014                     : mult16.asm.obj (.text)
                  0000cd9e    00000012                     : copy_decompress_none.c.obj (.text:decompress:none:__TI_decompress_none)
                  0000cdb0    00000012                     : memcpy.c.obj (.text:memcpy)
                  0000cdc2    00000010     Serial_SPI.obj (.text:_ZN15Serial_SPIClass8transferEh)
                  0000cdd2    00000010     rts430_eabi.lib : epilog.asm.obj (.text)
                  0000cde2    00000010                     : strcpy.c.obj (.text:strcpy)
                  0000cdf2    0000000e     main.obj (.text:__sti___8_main_cpp_rc522)
                  0000ce00    0000000c     main.obj (.text:_Z12Fechar_Portav)
                  0000ce0c    0000000c     Rc522.obj (.text:_ZN5Rc5225ResetEv)
                  0000ce18    0000000a     rts430_eabi.lib : new.cpp.obj (.text:_ZdlPv)
                  0000ce22    00000008                     : isr_trap.asm.obj (.text:_isr:__TI_ISR_TRAP)
                  0000ce2a    00000006                     : exit.c.obj (.text:abort)
                  0000ce30    00000004                     : new.cpp.obj (.text:_ZdaPv)
                  0000ce34    00000004                     : new.cpp.obj (.text:_Znaj)
                  0000ce38    00000004                     : pre_init.c.obj (.text:_system_pre_init)
                  0000ce3c    00000002                     : _lock.c.obj (.text:_nop)
                  0000ce3e    00000002                     : startup.c.obj (.text:_system_post_cinit)

.const     0    0000ce40    000000e4     
                  0000ce40    0000009c     main.obj (.const:.string)
                  0000cedc    00000048     BasicsFuncs.obj (.const:.string)

.cinit     0    0000cf26    00000020     
                  0000cf26    0000000e     (.cinit..data.load) [load image]
                  0000cf34    00000006     (__TI_handler_table)
                  0000cf3a    00000004     (.cinit..bss.load) [load image, compression = zero_init]
                  0000cf3e    00000008     (__TI_cinit_table)

.binit     0    0000c000    00000000     

.init_array 
*          0    0000cf24    00000002     
                  0000cf24    00000002     main.obj (.init_array)

TRAPINT    0    0000ffe0    00000002     
                  0000ffe0    00000002     rts430_eabi.lib : int00.asm.obj (.int00)

PORT1      0    0000ffe4    00000002     
                  0000ffe4    00000002     rts430_eabi.lib : int02.asm.obj (.int02)

PORT2      0    0000ffe6    00000002     
                  0000ffe6    00000002     rts430_eabi.lib : int03.asm.obj (.int03)

ADC10      0    0000ffea    00000002     
                  0000ffea    00000002     rts430_eabi.lib : int05.asm.obj (.int05)

USCIAB0TX 
*          0    0000ffec    00000002     
                  0000ffec    00000002     main.obj (.int06)

USCIAB0RX 
*          0    0000ffee    00000002     
                  0000ffee    00000002     main.obj (.int07)

TIMER0_A1 
*          0    0000fff0    00000002     
                  0000fff0    00000002     rts430_eabi.lib : int08.asm.obj (.int08)

TIMER0_A0 
*          0    0000fff2    00000002     
                  0000fff2    00000002     rts430_eabi.lib : int09.asm.obj (.int09)

WDT        0    0000fff4    00000002     
                  0000fff4    00000002     rts430_eabi.lib : int10.asm.obj (.int10)

COMPARATORA 
*          0    0000fff6    00000002     
                  0000fff6    00000002     rts430_eabi.lib : int11.asm.obj (.int11)

TIMER1_A1 
*          0    0000fff8    00000002     
                  0000fff8    00000002     rts430_eabi.lib : int12.asm.obj (.int12)

TIMER1_A0 
*          0    0000fffa    00000002     
                  0000fffa    00000002     rts430_eabi.lib : int13.asm.obj (.int13)

NMI        0    0000fffc    00000002     
                  0000fffc    00000002     rts430_eabi.lib : int14.asm.obj (.int14)

.reset     0    0000fffe    00000002     
                  0000fffe    00000002     rts430_eabi.lib : boot.c.obj (.reset)

$fill000   0    0000ffde    00000002     
                  0000ffde    00000002     --HOLE-- [fill = ffff]

MODULE SUMMARY

       Module                       code   ro data   rw data
       ------                       ----   -------   -------
    .\
       Rc522.obj                    1196   0         0      
       main.obj                     890    162       30     
       BasicsFuncs.obj              308    72        0      
       Serial_UART.obj              202    0         22     
       Serial_SPI.obj               54     0         1      
    +--+----------------------------+------+---------+---------+
       Total:                       2650   234       53     
                                                            
    C:\ti\ccsv8\tools\compiler\ti-cgt-msp430_18.1.2.LTS\lib\rts430_eabi.lib
       memory.c.obj                 362    0         8      
       copy_decompress_lzss.c.obj   124    0         0      
       autoinit.c.obj               92     0         0      
       div32u.asm.obj               88     0         0      
       lsr16.asm.obj                76     0         0      
       new.cpp.obj                  54     0         2      
       lsl16.asm.obj                44     0         0      
       boot.c.obj                   28     2         0      
       copy_zero_init.c.obj         20     0         0      
       mult16.asm.obj               20     0         0      
       copy_decompress_none.c.obj   18     0         0      
       memcpy.c.obj                 18     0         0      
       epilog.asm.obj               16     0         0      
       strcpy.c.obj                 16     0         0      
       isr_trap.asm.obj             8      0         0      
       _lock.c.obj                  2      0         4      
       exit.c.obj                   6      0         0      
       pre_init.c.obj               4      0         0      
       int00.asm.obj                0      2         0      
       int02.asm.obj                0      2         0      
       int03.asm.obj                0      2         0      
       int05.asm.obj                0      2         0      
       int08.asm.obj                0      2         0      
       int09.asm.obj                0      2         0      
       int10.asm.obj                0      2         0      
       int11.asm.obj                0      2         0      
       int12.asm.obj                0      2         0      
       int13.asm.obj                0      2         0      
       int14.asm.obj                0      2         0      
       startup.c.obj                2      0         0      
    +--+----------------------------+------+---------+---------+
       Total:                       998    24        14     
                                                            
       Heap:                        0      0         80     
       Stack:                       0      0         80     
       Linker Generated:            0      32        0      
    +--+----------------------------+------+---------+---------+
       Grand Total:                 3648   290       227    


LINKER GENERATED COPY TABLES

__TI_cinit_table @ 0000cf3e records: 2, size/record: 4, table size: 8
	.data: load addr=0000cf26, load size=0000000e bytes, run addr=0000028a, run size=0000000a bytes, compression=copy
	.bss: load addr=0000cf3a, load size=00000004 bytes, run addr=00000250, run size=00000039 bytes, compression=zero_init


LINKER GENERATED HANDLER TABLE

__TI_handler_table @ 0000cf34 records: 3, size/record: 2, table size: 6
	index: 0, handler: __TI_zero_init
	index: 1, handler: __TI_decompress_lzss
	index: 2, handler: __TI_decompress_none


GLOBAL SYMBOLS: SORTED ALPHABETICALLY BY Name 

address   name                            
-------   ----                            
0000004a  ADC10AE0                        
000001b0  ADC10CTL0                       
000001b2  ADC10CTL1                       
00000048  ADC10DTC0                       
00000049  ADC10DTC1                       
000001b4  ADC10MEM                        
000001bc  ADC10SA                         
00000057  BCSCTL1                         
00000058  BCSCTL2                         
00000053  BCSCTL3                         
0000ce2a  C$$EXIT                         
00000059  CACTL1                          
0000005a  CACTL2                          
000010fb  CALBC1_12MHZ                    
000010f9  CALBC1_16MHZ                    
000010ff  CALBC1_1MHZ                     
000010fd  CALBC1_8MHZ                     
000010fa  CALDCO_12MHZ                    
000010f8  CALDCO_16MHZ                    
000010fe  CALDCO_1MHZ                     
000010fc  CALDCO_8MHZ                     
0000005b  CAPD                            
00000056  DCOCTL                          
0000028a  ENTRADA1                        
0000028c  ENTRADA2                        
00000128  FCTL1                           
0000012a  FCTL2                           
0000012c  FCTL3                           
00000000  IE1                             
00000001  IE2                             
00000002  IFG1                            
00000003  IFG2                            
00000022  P1DIR                           
00000025  P1IE                            
00000024  P1IES                           
00000023  P1IFG                           
00000020  P1IN                            
00000021  P1OUT                           
00000027  P1REN                           
00000026  P1SEL                           
00000041  P1SEL2                          
0000002a  P2DIR                           
0000002d  P2IE                            
0000002c  P2IES                           
0000002b  P2IFG                           
00000028  P2IN                            
00000029  P2OUT                           
0000002f  P2REN                           
0000002e  P2SEL                           
00000042  P2SEL2                          
0000001a  P3DIR                           
00000018  P3IN                            
00000019  P3OUT                           
00000010  P3REN                           
0000001b  P3SEL                           
00000043  P3SEL2                          
00000288  Serial_SPI                      
00000250  Serial_UART                     
00000172  TA0CCR0                         
00000174  TA0CCR1                         
00000176  TA0CCR2                         
00000162  TA0CCTL0                        
00000164  TA0CCTL1                        
00000166  TA0CCTL2                        
00000160  TA0CTL                          
0000012e  TA0IV                           
00000170  TA0R                            
00000192  TA1CCR0                         
00000194  TA1CCR1                         
00000196  TA1CCR2                         
00000182  TA1CCTL0                        
00000184  TA1CCTL1                        
00000186  TA1CCTL2                        
00000180  TA1CTL                          
0000011e  TA1IV                           
00000190  TA1R                            
000010db  TLV_ADC10_1_LEN                 
000010da  TLV_ADC10_1_TAG                 
000010c0  TLV_CHECKSUM                    
000010f7  TLV_DCO_30_LEN                  
000010f6  TLV_DCO_30_TAG                  
0000005d  UCA0ABCTL                       
00000062  UCA0BR0                         
00000063  UCA0BR1                         
00000060  UCA0CTL0                        
00000061  UCA0CTL1                        
0000005f  UCA0IRRCTL                      
0000005e  UCA0IRTCTL                      
00000064  UCA0MCTL                        
00000066  UCA0RXBUF                       
00000065  UCA0STAT                        
00000067  UCA0TXBUF                       
0000006a  UCB0BR0                         
0000006b  UCB0BR1                         
00000068  UCB0CTL0                        
00000069  UCB0CTL1                        
0000006c  UCB0I2CIE                       
00000118  UCB0I2COA                       
0000011a  UCB0I2CSA                       
0000006e  UCB0RXBUF                       
0000006d  UCB0STAT                        
0000006f  UCB0TXBUF                       
00000120  WDTCTL                          
0000cd62  _Z11Abrir_Portav                
0000c86e  _Z11USCI0RX_ISRv                
0000c99a  _Z11USCI0TX_ISRv                
0000ce00  _Z12Fechar_Portav               
0000c696  _Z12Func_Printari               
0000cb88  _Z12Saida_Serialv               
0000cbae  _Z12Tente_Serialv               
0000cc46  _Z13digitalWriteAhhh            
0000cbd4  _Z14Entrada_Serialv             
0000c41e  _Z4itoamPci                     
0000cb60  _Z7delaymsj                     
0000ccf2  _Z7memcopyPvPKvj                
0000cd4a  _Z7strsizePKc                   
0000cb08  _Z8pinModeAhhh                  
0000cbfa  _ZN15Serial_SPIClass4initEv     
0000cdc2  _ZN15Serial_SPIClass8transferEh 
0000c906  _ZN16Serial_UARTClass4initEm    
0000cd10  _ZN16Serial_UARTClass5printEPKc 
0000ca5c  _ZN16Serial_UARTClass5printEh   
0000cc20  _ZN16Serial_UARTClass5writeEPhii
0000ccb2  _ZN5Rc52210SetBitMaskEhh        
0000c4a4  _ZN5Rc52211CalulateCRCEPhhS0_   
0000ccd2  _ZN5Rc52212ClearBitMaskEhh      
0000c950  _ZN5Rc5224HaltEv                
0000c624  _ZN5Rc5224InitEv                
0000ce0c  _ZN5Rc5225ResetEv               
0000c1e0  _ZN5Rc5226ToCardEhPhhS0_Pj      
0000c9dc  _ZN5Rc5227ReadRegEh             
0000c81e  _ZN5Rc5227RequestEhPh           
0000c702  _ZN5Rc5228AnticollEPh           
0000ca1e  _ZN5Rc5228WriteRegEhh           
0000cc6a  _ZN5Rc5229AntennaOnEv           
0000ca98  _ZN5Rc522C1Eii                  
0000ca98  _ZN5Rc522C2Eii                  
0000ce2a  _ZSt17__throw_bad_allocv        
0000ce30  _ZdaPv                          
0000ce18  _ZdlPv                          
0000ce34  _Znaj                           
0000cc8e  _Znwj                           
00000400  __STACK_END                     
00000050  __STACK_SIZE                    
00000050  __SYSMEM_SIZE                   
0000cf3e  __TI_CINIT_Base                 
0000cf46  __TI_CINIT_Limit                
0000cf34  __TI_Handler_Table_Base         
0000cf3a  __TI_Handler_Table_Limit        
0000cf24  __TI_INITARRAY_Base             
0000cf26  __TI_INITARRAY_Limit            
0000ce22  __TI_ISR_TRAP                   
0000c76a  __TI_auto_init_nobinit          
0000c5a8  __TI_decompress_lzss            
0000cd9e  __TI_decompress_none            
0000ffe0  __TI_int00                      
0000ffe4  __TI_int02                      
0000ffe6  __TI_int03                      
0000ffea  __TI_int05                      
0000ffec  __TI_int06                      
0000ffee  __TI_int07                      
0000fff0  __TI_int08                      
0000fff2  __TI_int09                      
0000fff4  __TI_int10                      
0000fff6  __TI_int11                      
0000fff8  __TI_int12                      
0000fffa  __TI_int13                      
0000fffc  __TI_int14                      
ffffffff  __TI_pprof_out_hndl             
ffffffff  __TI_prof_data_size             
ffffffff  __TI_prof_data_start            
0000cd76  __TI_zero_init_nomemset         
ffffffff  __c_args__                      
0000c7c6  __mspabi_divul                  
0000cdde  __mspabi_func_epilog_1          
0000cddc  __mspabi_func_epilog_2          
0000cdda  __mspabi_func_epilog_3          
0000cdd8  __mspabi_func_epilog_4          
0000cdd6  __mspabi_func_epilog_5          
0000cdd4  __mspabi_func_epilog_6          
0000cdd2  __mspabi_func_epilog_7          
0000cd8a  __mspabi_mpyi                   
0000cd8a  __mspabi_mpyi_sw                
0000c7c6  __mspabi_remul                  
0000cb34  __mspabi_slli                   
0000cb5c  __mspabi_slli_1                 
0000cb4a  __mspabi_slli_10                
0000cb48  __mspabi_slli_11                
0000cb46  __mspabi_slli_12                
0000cb44  __mspabi_slli_13                
0000cb42  __mspabi_slli_14                
0000cb40  __mspabi_slli_15                
0000cb5a  __mspabi_slli_2                 
0000cb58  __mspabi_slli_3                 
0000cb56  __mspabi_slli_4                 
0000cb54  __mspabi_slli_5                 
0000cb52  __mspabi_slli_6                 
0000cb50  __mspabi_slli_7                 
0000cb4e  __mspabi_slli_8                 
0000cb4c  __mspabi_slli_9                 
0000c8ba  __mspabi_srli                   
0000c900  __mspabi_srli_1                 
0000c8dc  __mspabi_srli_10                
0000c8d8  __mspabi_srli_11                
0000c8d4  __mspabi_srli_12                
0000c8d0  __mspabi_srli_13                
0000c8cc  __mspabi_srli_14                
0000c8c8  __mspabi_srli_15                
0000c8fc  __mspabi_srli_2                 
0000c8f8  __mspabi_srli_3                 
0000c8f4  __mspabi_srli_4                 
0000c8f0  __mspabi_srli_5                 
0000c8ec  __mspabi_srli_6                 
0000c8e8  __mspabi_srli_7                 
0000c8e4  __mspabi_srli_8                 
0000c8e0  __mspabi_srli_9                 
0000cdf2  __sti___8_main_cpp_rc522        
0000cd2e  _c_int00_noargs                 
0000028e  _lock                           
0000ce3c  _nop                            
0000fffe  _reset_vector                   
000003b0  _stack                          
00000200  _sys_memory                     
0000ce3e  _system_post_cinit              
0000ce38  _system_pre_init                
00000290  _unlock                         
0000ce2a  abort                           
0000c528  free                            
0000c000  main                            
0000c36c  malloc                          
0000cdb0  memcpy                          
0000cad0  minit                           
00000266  nome_cliente                    
00000282  rc522                           
0000027c  serNum                          
0000cde2  strcpy                          


GLOBAL SYMBOLS: SORTED BY Symbol Address 

address   name                            
-------   ----                            
00000000  IE1                             
00000001  IE2                             
00000002  IFG1                            
00000003  IFG2                            
00000010  P3REN                           
00000018  P3IN                            
00000019  P3OUT                           
0000001a  P3DIR                           
0000001b  P3SEL                           
00000020  P1IN                            
00000021  P1OUT                           
00000022  P1DIR                           
00000023  P1IFG                           
00000024  P1IES                           
00000025  P1IE                            
00000026  P1SEL                           
00000027  P1REN                           
00000028  P2IN                            
00000029  P2OUT                           
0000002a  P2DIR                           
0000002b  P2IFG                           
0000002c  P2IES                           
0000002d  P2IE                            
0000002e  P2SEL                           
0000002f  P2REN                           
00000041  P1SEL2                          
00000042  P2SEL2                          
00000043  P3SEL2                          
00000048  ADC10DTC0                       
00000049  ADC10DTC1                       
0000004a  ADC10AE0                        
00000050  __STACK_SIZE                    
00000050  __SYSMEM_SIZE                   
00000053  BCSCTL3                         
00000056  DCOCTL                          
00000057  BCSCTL1                         
00000058  BCSCTL2                         
00000059  CACTL1                          
0000005a  CACTL2                          
0000005b  CAPD                            
0000005d  UCA0ABCTL                       
0000005e  UCA0IRTCTL                      
0000005f  UCA0IRRCTL                      
00000060  UCA0CTL0                        
00000061  UCA0CTL1                        
00000062  UCA0BR0                         
00000063  UCA0BR1                         
00000064  UCA0MCTL                        
00000065  UCA0STAT                        
00000066  UCA0RXBUF                       
00000067  UCA0TXBUF                       
00000068  UCB0CTL0                        
00000069  UCB0CTL1                        
0000006a  UCB0BR0                         
0000006b  UCB0BR1                         
0000006c  UCB0I2CIE                       
0000006d  UCB0STAT                        
0000006e  UCB0RXBUF                       
0000006f  UCB0TXBUF                       
00000118  UCB0I2COA                       
0000011a  UCB0I2CSA                       
0000011e  TA1IV                           
00000120  WDTCTL                          
00000128  FCTL1                           
0000012a  FCTL2                           
0000012c  FCTL3                           
0000012e  TA0IV                           
00000160  TA0CTL                          
00000162  TA0CCTL0                        
00000164  TA0CCTL1                        
00000166  TA0CCTL2                        
00000170  TA0R                            
00000172  TA0CCR0                         
00000174  TA0CCR1                         
00000176  TA0CCR2                         
00000180  TA1CTL                          
00000182  TA1CCTL0                        
00000184  TA1CCTL1                        
00000186  TA1CCTL2                        
00000190  TA1R                            
00000192  TA1CCR0                         
00000194  TA1CCR1                         
00000196  TA1CCR2                         
000001b0  ADC10CTL0                       
000001b2  ADC10CTL1                       
000001b4  ADC10MEM                        
000001bc  ADC10SA                         
00000200  _sys_memory                     
00000250  Serial_UART                     
00000266  nome_cliente                    
0000027c  serNum                          
00000282  rc522                           
00000288  Serial_SPI                      
0000028a  ENTRADA1                        
0000028c  ENTRADA2                        
0000028e  _lock                           
00000290  _unlock                         
000003b0  _stack                          
00000400  __STACK_END                     
000010c0  TLV_CHECKSUM                    
000010da  TLV_ADC10_1_TAG                 
000010db  TLV_ADC10_1_LEN                 
000010f6  TLV_DCO_30_TAG                  
000010f7  TLV_DCO_30_LEN                  
000010f8  CALDCO_16MHZ                    
000010f9  CALBC1_16MHZ                    
000010fa  CALDCO_12MHZ                    
000010fb  CALBC1_12MHZ                    
000010fc  CALDCO_8MHZ                     
000010fd  CALBC1_8MHZ                     
000010fe  CALDCO_1MHZ                     
000010ff  CALBC1_1MHZ                     
0000c000  main                            
0000c1e0  _ZN5Rc5226ToCardEhPhhS0_Pj      
0000c36c  malloc                          
0000c41e  _Z4itoamPci                     
0000c4a4  _ZN5Rc52211CalulateCRCEPhhS0_   
0000c528  free                            
0000c5a8  __TI_decompress_lzss            
0000c624  _ZN5Rc5224InitEv                
0000c696  _Z12Func_Printari               
0000c702  _ZN5Rc5228AnticollEPh           
0000c76a  __TI_auto_init_nobinit          
0000c7c6  __mspabi_divul                  
0000c7c6  __mspabi_remul                  
0000c81e  _ZN5Rc5227RequestEhPh           
0000c86e  _Z11USCI0RX_ISRv                
0000c8ba  __mspabi_srli                   
0000c8c8  __mspabi_srli_15                
0000c8cc  __mspabi_srli_14                
0000c8d0  __mspabi_srli_13                
0000c8d4  __mspabi_srli_12                
0000c8d8  __mspabi_srli_11                
0000c8dc  __mspabi_srli_10                
0000c8e0  __mspabi_srli_9                 
0000c8e4  __mspabi_srli_8                 
0000c8e8  __mspabi_srli_7                 
0000c8ec  __mspabi_srli_6                 
0000c8f0  __mspabi_srli_5                 
0000c8f4  __mspabi_srli_4                 
0000c8f8  __mspabi_srli_3                 
0000c8fc  __mspabi_srli_2                 
0000c900  __mspabi_srli_1                 
0000c906  _ZN16Serial_UARTClass4initEm    
0000c950  _ZN5Rc5224HaltEv                
0000c99a  _Z11USCI0TX_ISRv                
0000c9dc  _ZN5Rc5227ReadRegEh             
0000ca1e  _ZN5Rc5228WriteRegEhh           
0000ca5c  _ZN16Serial_UARTClass5printEh   
0000ca98  _ZN5Rc522C1Eii                  
0000ca98  _ZN5Rc522C2Eii                  
0000cad0  minit                           
0000cb08  _Z8pinModeAhhh                  
0000cb34  __mspabi_slli                   
0000cb40  __mspabi_slli_15                
0000cb42  __mspabi_slli_14                
0000cb44  __mspabi_slli_13                
0000cb46  __mspabi_slli_12                
0000cb48  __mspabi_slli_11                
0000cb4a  __mspabi_slli_10                
0000cb4c  __mspabi_slli_9                 
0000cb4e  __mspabi_slli_8                 
0000cb50  __mspabi_slli_7                 
0000cb52  __mspabi_slli_6                 
0000cb54  __mspabi_slli_5                 
0000cb56  __mspabi_slli_4                 
0000cb58  __mspabi_slli_3                 
0000cb5a  __mspabi_slli_2                 
0000cb5c  __mspabi_slli_1                 
0000cb60  _Z7delaymsj                     
0000cb88  _Z12Saida_Serialv               
0000cbae  _Z12Tente_Serialv               
0000cbd4  _Z14Entrada_Serialv             
0000cbfa  _ZN15Serial_SPIClass4initEv     
0000cc20  _ZN16Serial_UARTClass5writeEPhii
0000cc46  _Z13digitalWriteAhhh            
0000cc6a  _ZN5Rc5229AntennaOnEv           
0000cc8e  _Znwj                           
0000ccb2  _ZN5Rc52210SetBitMaskEhh        
0000ccd2  _ZN5Rc52212ClearBitMaskEhh      
0000ccf2  _Z7memcopyPvPKvj                
0000cd10  _ZN16Serial_UARTClass5printEPKc 
0000cd2e  _c_int00_noargs                 
0000cd4a  _Z7strsizePKc                   
0000cd62  _Z11Abrir_Portav                
0000cd76  __TI_zero_init_nomemset         
0000cd8a  __mspabi_mpyi                   
0000cd8a  __mspabi_mpyi_sw                
0000cd9e  __TI_decompress_none            
0000cdb0  memcpy                          
0000cdc2  _ZN15Serial_SPIClass8transferEh 
0000cdd2  __mspabi_func_epilog_7          
0000cdd4  __mspabi_func_epilog_6          
0000cdd6  __mspabi_func_epilog_5          
0000cdd8  __mspabi_func_epilog_4          
0000cdda  __mspabi_func_epilog_3          
0000cddc  __mspabi_func_epilog_2          
0000cdde  __mspabi_func_epilog_1          
0000cde2  strcpy                          
0000cdf2  __sti___8_main_cpp_rc522        
0000ce00  _Z12Fechar_Portav               
0000ce0c  _ZN5Rc5225ResetEv               
0000ce18  _ZdlPv                          
0000ce22  __TI_ISR_TRAP                   
0000ce2a  C$$EXIT                         
0000ce2a  _ZSt17__throw_bad_allocv        
0000ce2a  abort                           
0000ce30  _ZdaPv                          
0000ce34  _Znaj                           
0000ce38  _system_pre_init                
0000ce3c  _nop                            
0000ce3e  _system_post_cinit              
0000cf24  __TI_INITARRAY_Base             
0000cf26  __TI_INITARRAY_Limit            
0000cf34  __TI_Handler_Table_Base         
0000cf3a  __TI_Handler_Table_Limit        
0000cf3e  __TI_CINIT_Base                 
0000cf46  __TI_CINIT_Limit                
0000ffe0  __TI_int00                      
0000ffe4  __TI_int02                      
0000ffe6  __TI_int03                      
0000ffea  __TI_int05                      
0000ffec  __TI_int06                      
0000ffee  __TI_int07                      
0000fff0  __TI_int08                      
0000fff2  __TI_int09                      
0000fff4  __TI_int10                      
0000fff6  __TI_int11                      
0000fff8  __TI_int12                      
0000fffa  __TI_int13                      
0000fffc  __TI_int14                      
0000fffe  _reset_vector                   
ffffffff  __TI_pprof_out_hndl             
ffffffff  __TI_prof_data_size             
ffffffff  __TI_prof_data_start            
ffffffff  __c_args__                      

[236 symbols]
