******************************************************************************
                  MSP430 Linker PC v18.1.2                     
******************************************************************************
>> Linked Fri Jun 29 21:57:47 2018

OUTPUT FILE NAME:   <MicroTeste.out>
ENTRY POINT SYMBOL: "_c_int00_noargs"  address: 0000d0fc


MEMORY CONFIGURATION

         name            origin    length      used     unused   attr    fill
----------------------  --------  ---------  --------  --------  ----  --------
  SFR                   00000000   00000010  00000000  00000010  RWIX
  PERIPHERALS_8BIT      00000010   000000f0  00000000  000000f0  RWIX
  PERIPHERALS_16BIT     00000100   00000100  00000000  00000100  RWIX
  RAM                   00000200   00000200  0000011d  000000e3  RWIX
  INFOD                 00001000   00000040  00000000  00000040  RWIX
  INFOC                 00001040   00000040  00000000  00000040  RWIX
  INFOB                 00001080   00000040  00000000  00000040  RWIX
  INFOA                 000010c0   00000040  00000000  00000040  RWIX
  FLASH                 0000c000   00003fde  0000151a  00002ac4  RWIX
  BSLSIGNATURE          0000ffde   00000002  00000002  00000000  RWIX  ffff 
  INT00                 0000ffe0   00000002  00000002  00000000  RWIX
  INT01                 0000ffe2   00000002  00000000  00000002  RWIX
  INT02                 0000ffe4   00000002  00000002  00000000  RWIX
  INT03                 0000ffe6   00000002  00000002  00000000  RWIX
  INT04                 0000ffe8   00000002  00000000  00000002  RWIX
  INT05                 0000ffea   00000002  00000002  00000000  RWIX
  INT06                 0000ffec   00000002  00000002  00000000  RWIX
  INT07                 0000ffee   00000002  00000002  00000000  RWIX
  INT08                 0000fff0   00000002  00000002  00000000  RWIX
  INT09                 0000fff2   00000002  00000002  00000000  RWIX
  INT10                 0000fff4   00000002  00000002  00000000  RWIX
  INT11                 0000fff6   00000002  00000002  00000000  RWIX
  INT12                 0000fff8   00000002  00000002  00000000  RWIX
  INT13                 0000fffa   00000002  00000002  00000000  RWIX
  INT14                 0000fffc   00000002  00000002  00000000  RWIX
  RESET                 0000fffe   00000002  00000002  00000000  RWIX


SECTION ALLOCATION MAP

 output                                  attributes/
section   page    origin      length       input sections
--------  ----  ----------  ----------   ----------------
.bss       0    00000200    0000005b     UNINITIALIZED
                  00000200    00000016     (.common:Serial_UART)
                  00000216    0000000a     (.common:reg)
                  00000220    0000000a     (.common:reg1)
                  0000022a    0000000a     (.common:reg2)
                  00000234    0000000a     (.common:reg3)
                  0000023e    0000000a     (.common:reg4)
                  00000248    00000006     rts430_eabi.lib : memory.c.obj (.bss)
                  0000024e    00000006     (.common:serNum)
                  00000254    00000004     main.obj (.bss:rc522)
                  00000258    00000002     rts430_eabi.lib : new.cpp.obj (.bss)
                  0000025a    00000001     (.common:Serial_SPI)

.data      0    000002ac    00000022     UNINITIALIZED
                  000002ac    00000014     main.obj (.data:ENTRADA)
                  000002c0    00000008     main.obj (.data)
                  000002c8    00000002     rts430_eabi.lib : _lock.c.obj (.data:_lock)
                  000002ca    00000002                     : _lock.c.obj (.data:_unlock)
                  000002cc    00000002                     : memory.c.obj (.data)

.sysmem    0    0000025c    00000050     UNINITIALIZED
                  0000025c    00000004     rts430_eabi.lib : memory.c.obj (.sysmem)
                  00000260    0000004c     --HOLE--

.stack     0    000003b0    00000050     UNINITIALIZED
                  000003b0    00000002     rts430_eabi.lib : boot.c.obj (.stack)
                  000003b2    0000004e     --HOLE--

.text      0    0000c000    00001212     
                  0000c000    00000404     main.obj (.text:main)
                  0000c404    0000018c     Rc522.obj (.text:_ZN5Rc5226ToCardEhPhhS0_Pj)
                  0000c590    0000014a     main.obj (.text:_Z12apagador_regv)
                  0000c6da    000000c6     main.obj (.text:_Z11comandos_pcv)
                  0000c7a0    000000b2     rts430_eabi.lib : memory.c.obj (.text:malloc)
                  0000c852    00000086     BasicsFuncs.obj (.text:_Z4itoamPci)
                  0000c8d8    00000080     rts430_eabi.lib : memory.c.obj (.text:free)
                  0000c958    0000007c                     : copy_decompress_lzss.c.obj (.text:decompress:lzss:__TI_decompress_lzss)
                  0000c9d4    00000072     Rc522.obj (.text:_ZN5Rc5224InitEv)
                  0000ca46    00000070     main.obj (.text:_Z12Func_Printarii)
                  0000cab6    00000068     Rc522.obj (.text:_ZN5Rc5228AnticollEPh)
                  0000cb1e    0000005c     rts430_eabi.lib : autoinit.c.obj (.text:__TI_auto_init_nobinit:__TI_auto_init_nobinit)
                  0000cb7a    00000058                     : div32u.asm.obj (.text)
                  0000cbd2    00000050     Rc522.obj (.text:_ZN5Rc5227RequestEhPh)
                  0000cc22    0000004c     main.obj (.text:_Z11USCI0RX_ISRv)
                  0000cc6e    0000004c     rts430_eabi.lib : lsr16.asm.obj (.text)
                  0000ccba    0000004a     Serial_UART.obj (.text:_ZN16Serial_UARTClass4initEm)
                  0000cd04    00000042     main.obj (.text:_Z11USCI0TX_ISRv)
                  0000cd46    00000042     Rc522.obj (.text:_ZN5Rc5227ReadRegEh)
                  0000cd88    0000003e     Rc522.obj (.text:_ZN5Rc5228WriteRegEhh)
                  0000cdc6    0000003c     Serial_UART.obj (.text:_ZN16Serial_UARTClass5printEh)
                  0000ce02    00000038     Rc522.obj (.text:_ZN5Rc522C1Eii)
                  0000ce3a    00000038     rts430_eabi.lib : memory.c.obj (.text:minit)
                  0000ce72    0000002e     main.obj (.text:_Z12Saida_Seriali)
                  0000cea0    0000002e     main.obj (.text:_Z14Entrada_Seriali)
                  0000cece    0000002e     Serial_UART.obj (.text:_ZN16Serial_UARTClass7readIntEv)
                  0000cefc    0000002c     BasicsFuncs.obj (.text:_Z8pinModeAhhh)
                  0000cf28    0000002c     rts430_eabi.lib : lsl16.asm.obj (.text)
                  0000cf54    00000028     BasicsFuncs.obj (.text:_Z7delaymsj)
                  0000cf7c    00000026     main.obj (.text:_Z12Tente_Serialv)
                  0000cfa2    00000026     Serial_SPI.obj (.text:_ZN15Serial_SPIClass4initEv)
                  0000cfc8    00000026     Serial_UART.obj (.text:_ZN16Serial_UARTClass4readEPhii)
                  0000cfee    00000026     Serial_UART.obj (.text:_ZN16Serial_UARTClass5writeEPhii)
                  0000d014    00000024     BasicsFuncs.obj (.text:_Z13digitalWriteAhhh)
                  0000d038    00000024     Rc522.obj (.text:_ZN5Rc5229AntennaOnEv)
                  0000d05c    00000024     rts430_eabi.lib : new.cpp.obj (.text:_Znwj)
                  0000d080    00000020     Rc522.obj (.text:_ZN5Rc52210SetBitMaskEhh)
                  0000d0a0    00000020     Rc522.obj (.text:_ZN5Rc52212ClearBitMaskEhh)
                  0000d0c0    0000001e     BasicsFuncs.obj (.text:_Z7memcopyPvPKvj)
                  0000d0de    0000001e     Serial_UART.obj (.text:_ZN16Serial_UARTClass5printEPKc)
                  0000d0fc    0000001c     rts430_eabi.lib : boot.c.obj (.text:_c_int00_noargs)
                  0000d118    00000018     BasicsFuncs.obj (.text:_Z7strsizePKc)
                  0000d130    00000014     rts430_eabi.lib : copy_zero_init.c.obj (.text:decompress:ZI:__TI_zero_init_nomemset:__TI_zero_init_nomemset)
                  0000d144    00000014                     : memset.c.obj (.text:memset)
                  0000d158    00000014                     : mult16.asm.obj (.text)
                  0000d16c    00000012                     : copy_decompress_none.c.obj (.text:decompress:none:__TI_decompress_none)
                  0000d17e    00000012                     : memcpy.c.obj (.text:memcpy)
                  0000d190    00000010     Serial_SPI.obj (.text:_ZN15Serial_SPIClass8transferEh)
                  0000d1a0    00000010     rts430_eabi.lib : epilog.asm.obj (.text)
                  0000d1b0    0000000e     main.obj (.text:__sti___8_main_cpp_rc522)
                  0000d1be    0000000c     main.obj (.text:_Z11Abrir_Portav)
                  0000d1ca    0000000c     main.obj (.text:_Z12Fechar_Portav)
                  0000d1d6    0000000c     Rc522.obj (.text:_ZN5Rc5225ResetEv)
                  0000d1e2    0000000a     rts430_eabi.lib : new.cpp.obj (.text:_ZdlPv)
                  0000d1ec    00000008     Serial_UART.obj (.text:_ZN16Serial_UARTClass9availableEv)
                  0000d1f4    00000008     rts430_eabi.lib : isr_trap.asm.obj (.text:_isr:__TI_ISR_TRAP)
                  0000d1fc    00000006                     : exit.c.obj (.text:abort)
                  0000d202    00000004                     : new.cpp.obj (.text:_ZdaPv)
                  0000d206    00000004                     : new.cpp.obj (.text:_Znaj)
                  0000d20a    00000004                     : pre_init.c.obj (.text:_system_pre_init)
                  0000d20e    00000002                     : _lock.c.obj (.text:_nop)
                  0000d210    00000002                     : startup.c.obj (.text:_system_post_cinit)

.const     0    0000d212    000002e4     
                  0000d212    0000029c     main.obj (.const:.string)
                  0000d4ae    00000048     BasicsFuncs.obj (.const:.string)

.cinit     0    0000d4f8    00000022     
                  0000d4f8    0000000f     (.cinit..data.load) [load image, compression = lzss]
                  0000d507    00000001     --HOLE-- [fill = 0]
                  0000d508    00000006     (__TI_handler_table)
                  0000d50e    00000004     (.cinit..bss.load) [load image, compression = zero_init]
                  0000d512    00000008     (__TI_cinit_table)

.binit     0    0000c000    00000000     

.init_array 
*          0    0000d4f6    00000002     
                  0000d4f6    00000002     main.obj (.init_array)

TRAPINT    0    0000ffe0    00000002     
                  0000ffe0    00000002     rts430_eabi.lib : int00.asm.obj (.int00)

PORT1      0    0000ffe4    00000002     
                  0000ffe4    00000002     rts430_eabi.lib : int02.asm.obj (.int02)

PORT2      0    0000ffe6    00000002     
                  0000ffe6    00000002     rts430_eabi.lib : int03.asm.obj (.int03)

ADC10      0    0000ffea    00000002     
                  0000ffea    00000002     rts430_eabi.lib : int05.asm.obj (.int05)

USCIAB0TX 
*          0    0000ffec    00000002     
                  0000ffec    00000002     main.obj (.int06)

USCIAB0RX 
*          0    0000ffee    00000002     
                  0000ffee    00000002     main.obj (.int07)

TIMER0_A1 
*          0    0000fff0    00000002     
                  0000fff0    00000002     rts430_eabi.lib : int08.asm.obj (.int08)

TIMER0_A0 
*          0    0000fff2    00000002     
                  0000fff2    00000002     rts430_eabi.lib : int09.asm.obj (.int09)

WDT        0    0000fff4    00000002     
                  0000fff4    00000002     rts430_eabi.lib : int10.asm.obj (.int10)

COMPARATORA 
*          0    0000fff6    00000002     
                  0000fff6    00000002     rts430_eabi.lib : int11.asm.obj (.int11)

TIMER1_A1 
*          0    0000fff8    00000002     
                  0000fff8    00000002     rts430_eabi.lib : int12.asm.obj (.int12)

TIMER1_A0 
*          0    0000fffa    00000002     
                  0000fffa    00000002     rts430_eabi.lib : int13.asm.obj (.int13)

NMI        0    0000fffc    00000002     
                  0000fffc    00000002     rts430_eabi.lib : int14.asm.obj (.int14)

.reset     0    0000fffe    00000002     
                  0000fffe    00000002     rts430_eabi.lib : boot.c.obj (.reset)

$fill000   0    0000ffde    00000002     
                  0000ffde    00000002     --HOLE-- [fill = ffff]

MODULE SUMMARY

       Module                       code   ro data   rw data
       ------                       ----   -------   -------
    .\
       main.obj                     1978   674       88     
       Rc522.obj                    990    0         0      
       BasicsFuncs.obj              308    72        0      
       Serial_UART.obj              294    0         22     
       Serial_SPI.obj               54     0         1      
    +--+----------------------------+------+---------+---------+
       Total:                       3624   746       111    
                                                            
    C:\ti\ccsv8\tools\compiler\ti-cgt-msp430_18.1.2.LTS\lib\rts430_eabi.lib
       memory.c.obj                 362    0         8      
       copy_decompress_lzss.c.obj   124    0         0      
       autoinit.c.obj               92     0         0      
       div32u.asm.obj               88     0         0      
       lsr16.asm.obj                76     0         0      
       new.cpp.obj                  54     0         2      
       lsl16.asm.obj                44     0         0      
       boot.c.obj                   28     2         0      
       copy_zero_init.c.obj         20     0         0      
       memset.c.obj                 20     0         0      
       mult16.asm.obj               20     0         0      
       copy_decompress_none.c.obj   18     0         0      
       memcpy.c.obj                 18     0         0      
       epilog.asm.obj               16     0         0      
       isr_trap.asm.obj             8      0         0      
       _lock.c.obj                  2      0         4      
       exit.c.obj                   6      0         0      
       pre_init.c.obj               4      0         0      
       int00.asm.obj                0      2         0      
       int02.asm.obj                0      2         0      
       int03.asm.obj                0      2         0      
       int05.asm.obj                0      2         0      
       int08.asm.obj                0      2         0      
       int09.asm.obj                0      2         0      
       int10.asm.obj                0      2         0      
       int11.asm.obj                0      2         0      
       int12.asm.obj                0      2         0      
       int13.asm.obj                0      2         0      
       int14.asm.obj                0      2         0      
       startup.c.obj                2      0         0      
    +--+----------------------------+------+---------+---------+
       Total:                       1002   24        14     
                                                            
       Heap:                        0      0         80     
       Stack:                       0      0         80     
       Linker Generated:            0      33        0      
    +--+----------------------------+------+---------+---------+
       Grand Total:                 4626   803       285    


LINKER GENERATED COPY TABLES

__TI_cinit_table @ 0000d512 records: 2, size/record: 4, table size: 8
	.data: load addr=0000d4f8, load size=0000000f bytes, run addr=000002ac, run size=00000022 bytes, compression=lzss
	.bss: load addr=0000d50e, load size=00000004 bytes, run addr=00000200, run size=0000005b bytes, compression=zero_init


LINKER GENERATED HANDLER TABLE

__TI_handler_table @ 0000d508 records: 3, size/record: 2, table size: 6
	index: 0, handler: __TI_zero_init
	index: 1, handler: __TI_decompress_lzss
	index: 2, handler: __TI_decompress_none


GLOBAL SYMBOLS: SORTED ALPHABETICALLY BY Name 

address   name                             
-------   ----                             
0000004a  ADC10AE0                         
000001b0  ADC10CTL0                        
000001b2  ADC10CTL1                        
00000048  ADC10DTC0                        
00000049  ADC10DTC1                        
000001b4  ADC10MEM                         
000001bc  ADC10SA                          
00000057  BCSCTL1                          
00000058  BCSCTL2                          
00000053  BCSCTL3                          
0000d1fc  C$$EXIT                          
00000059  CACTL1                           
0000005a  CACTL2                           
000010fb  CALBC1_12MHZ                     
000010f9  CALBC1_16MHZ                     
000010ff  CALBC1_1MHZ                      
000010fd  CALBC1_8MHZ                      
000010fa  CALDCO_12MHZ                     
000010f8  CALDCO_16MHZ                     
000010fe  CALDCO_1MHZ                      
000010fc  CALDCO_8MHZ                      
0000005b  CAPD                             
00000056  DCOCTL                           
000002ac  ENTRADA                          
00000128  FCTL1                            
0000012a  FCTL2                            
0000012c  FCTL3                            
00000000  IE1                              
00000001  IE2                              
00000002  IFG1                             
00000003  IFG2                             
00000022  P1DIR                            
00000025  P1IE                             
00000024  P1IES                            
00000023  P1IFG                            
00000020  P1IN                             
00000021  P1OUT                            
00000027  P1REN                            
00000026  P1SEL                            
00000041  P1SEL2                           
0000002a  P2DIR                            
0000002d  P2IE                             
0000002c  P2IES                            
0000002b  P2IFG                            
00000028  P2IN                             
00000029  P2OUT                            
0000002f  P2REN                            
0000002e  P2SEL                            
00000042  P2SEL2                           
0000001a  P3DIR                            
00000018  P3IN                             
00000019  P3OUT                            
00000010  P3REN                            
0000001b  P3SEL                            
00000043  P3SEL2                           
0000025a  Serial_SPI                       
00000200  Serial_UART                      
00000172  TA0CCR0                          
00000174  TA0CCR1                          
00000176  TA0CCR2                          
00000162  TA0CCTL0                         
00000164  TA0CCTL1                         
00000166  TA0CCTL2                         
00000160  TA0CTL                           
0000012e  TA0IV                            
00000170  TA0R                             
00000192  TA1CCR0                          
00000194  TA1CCR1                          
00000196  TA1CCR2                          
00000182  TA1CCTL0                         
00000184  TA1CCTL1                         
00000186  TA1CCTL2                         
00000180  TA1CTL                           
0000011e  TA1IV                            
00000190  TA1R                             
000010db  TLV_ADC10_1_LEN                  
000010da  TLV_ADC10_1_TAG                  
000010c0  TLV_CHECKSUM                     
000010f7  TLV_DCO_30_LEN                   
000010f6  TLV_DCO_30_TAG                   
0000005d  UCA0ABCTL                        
00000062  UCA0BR0                          
00000063  UCA0BR1                          
00000060  UCA0CTL0                         
00000061  UCA0CTL1                         
0000005f  UCA0IRRCTL                       
0000005e  UCA0IRTCTL                       
00000064  UCA0MCTL                         
00000066  UCA0RXBUF                        
00000065  UCA0STAT                         
00000067  UCA0TXBUF                        
0000006a  UCB0BR0                          
0000006b  UCB0BR1                          
00000068  UCB0CTL0                         
00000069  UCB0CTL1                         
0000006c  UCB0I2CIE                        
00000118  UCB0I2COA                        
0000011a  UCB0I2CSA                        
0000006e  UCB0RXBUF                        
0000006d  UCB0STAT                         
0000006f  UCB0TXBUF                        
00000120  WDTCTL                           
0000d1be  _Z11Abrir_Portav                 
0000cc22  _Z11USCI0RX_ISRv                 
0000cd04  _Z11USCI0TX_ISRv                 
0000c6da  _Z11comandos_pcv                 
0000d1ca  _Z12Fechar_Portav                
0000ca46  _Z12Func_Printarii               
0000ce72  _Z12Saida_Seriali                
0000cf7c  _Z12Tente_Serialv                
0000c590  _Z12apagador_regv                
0000d014  _Z13digitalWriteAhhh             
0000cea0  _Z14Entrada_Seriali              
0000c852  _Z4itoamPci                      
0000cf54  _Z7delaymsj                      
0000d0c0  _Z7memcopyPvPKvj                 
0000d118  _Z7strsizePKc                    
0000cefc  _Z8pinModeAhhh                   
0000cfa2  _ZN15Serial_SPIClass4initEv      
0000d190  _ZN15Serial_SPIClass8transferEh  
0000ccba  _ZN16Serial_UARTClass4initEm     
0000cfc8  _ZN16Serial_UARTClass4readEPhii  
0000d0de  _ZN16Serial_UARTClass5printEPKc  
0000cdc6  _ZN16Serial_UARTClass5printEh    
0000cfee  _ZN16Serial_UARTClass5writeEPhii 
0000cece  _ZN16Serial_UARTClass7readIntEv  
0000d1ec  _ZN16Serial_UARTClass9availableEv
0000d080  _ZN5Rc52210SetBitMaskEhh         
0000d0a0  _ZN5Rc52212ClearBitMaskEhh       
0000c9d4  _ZN5Rc5224InitEv                 
0000d1d6  _ZN5Rc5225ResetEv                
0000c404  _ZN5Rc5226ToCardEhPhhS0_Pj       
0000cd46  _ZN5Rc5227ReadRegEh              
0000cbd2  _ZN5Rc5227RequestEhPh            
0000cab6  _ZN5Rc5228AnticollEPh            
0000cd88  _ZN5Rc5228WriteRegEhh            
0000d038  _ZN5Rc5229AntennaOnEv            
0000ce02  _ZN5Rc522C1Eii                   
0000ce02  _ZN5Rc522C2Eii                   
0000d1fc  _ZSt17__throw_bad_allocv         
0000d202  _ZdaPv                           
0000d1e2  _ZdlPv                           
0000d206  _Znaj                            
0000d05c  _Znwj                            
00000400  __STACK_END                      
00000050  __STACK_SIZE                     
00000050  __SYSMEM_SIZE                    
0000d512  __TI_CINIT_Base                  
0000d51a  __TI_CINIT_Limit                 
0000d508  __TI_Handler_Table_Base          
0000d50e  __TI_Handler_Table_Limit         
0000d4f6  __TI_INITARRAY_Base              
0000d4f8  __TI_INITARRAY_Limit             
0000d1f4  __TI_ISR_TRAP                    
0000cb1e  __TI_auto_init_nobinit           
0000c958  __TI_decompress_lzss             
0000d16c  __TI_decompress_none             
0000ffe0  __TI_int00                       
0000ffe4  __TI_int02                       
0000ffe6  __TI_int03                       
0000ffea  __TI_int05                       
0000ffec  __TI_int06                       
0000ffee  __TI_int07                       
0000fff0  __TI_int08                       
0000fff2  __TI_int09                       
0000fff4  __TI_int10                       
0000fff6  __TI_int11                       
0000fff8  __TI_int12                       
0000fffa  __TI_int13                       
0000fffc  __TI_int14                       
ffffffff  __TI_pprof_out_hndl              
ffffffff  __TI_prof_data_size              
ffffffff  __TI_prof_data_start             
0000d130  __TI_zero_init_nomemset          
ffffffff  __c_args__                       
0000cb7a  __mspabi_divul                   
0000d1ac  __mspabi_func_epilog_1           
0000d1aa  __mspabi_func_epilog_2           
0000d1a8  __mspabi_func_epilog_3           
0000d1a6  __mspabi_func_epilog_4           
0000d1a4  __mspabi_func_epilog_5           
0000d1a2  __mspabi_func_epilog_6           
0000d1a0  __mspabi_func_epilog_7           
0000d158  __mspabi_mpyi                    
0000d158  __mspabi_mpyi_sw                 
0000cb7a  __mspabi_remul                   
0000cf28  __mspabi_slli                    
0000cf50  __mspabi_slli_1                  
0000cf3e  __mspabi_slli_10                 
0000cf3c  __mspabi_slli_11                 
0000cf3a  __mspabi_slli_12                 
0000cf38  __mspabi_slli_13                 
0000cf36  __mspabi_slli_14                 
0000cf34  __mspabi_slli_15                 
0000cf4e  __mspabi_slli_2                  
0000cf4c  __mspabi_slli_3                  
0000cf4a  __mspabi_slli_4                  
0000cf48  __mspabi_slli_5                  
0000cf46  __mspabi_slli_6                  
0000cf44  __mspabi_slli_7                  
0000cf42  __mspabi_slli_8                  
0000cf40  __mspabi_slli_9                  
0000cc6e  __mspabi_srli                    
0000ccb4  __mspabi_srli_1                  
0000cc90  __mspabi_srli_10                 
0000cc8c  __mspabi_srli_11                 
0000cc88  __mspabi_srli_12                 
0000cc84  __mspabi_srli_13                 
0000cc80  __mspabi_srli_14                 
0000cc7c  __mspabi_srli_15                 
0000ccb0  __mspabi_srli_2                  
0000ccac  __mspabi_srli_3                  
0000cca8  __mspabi_srli_4                  
0000cca4  __mspabi_srli_5                  
0000cca0  __mspabi_srli_6                  
0000cc9c  __mspabi_srli_7                  
0000cc98  __mspabi_srli_8                  
0000cc94  __mspabi_srli_9                  
0000d1b0  __sti___8_main_cpp_rc522         
0000d0fc  _c_int00_noargs                  
000002c8  _lock                            
0000d20e  _nop                             
0000fffe  _reset_vector                    
000003b0  _stack                           
0000025c  _sys_memory                      
0000d210  _system_post_cinit               
0000d20a  _system_pre_init                 
000002ca  _unlock                          
0000d1fc  abort                            
0000c8d8  free                             
000002c0  i                                
000002c6  inByteD                          
000002c4  k                                
000002c2  l                                
0000c000  main                             
0000c7a0  malloc                           
0000d17e  memcpy                           
0000d144  memset                           
0000ce3a  minit                            
00000254  rc522                            
00000216  reg                              
00000220  reg1                             
0000022a  reg2                             
00000234  reg3                             
0000023e  reg4                             
0000024e  serNum                           


GLOBAL SYMBOLS: SORTED BY Symbol Address 

address   name                             
-------   ----                             
00000000  IE1                              
00000001  IE2                              
00000002  IFG1                             
00000003  IFG2                             
00000010  P3REN                            
00000018  P3IN                             
00000019  P3OUT                            
0000001a  P3DIR                            
0000001b  P3SEL                            
00000020  P1IN                             
00000021  P1OUT                            
00000022  P1DIR                            
00000023  P1IFG                            
00000024  P1IES                            
00000025  P1IE                             
00000026  P1SEL                            
00000027  P1REN                            
00000028  P2IN                             
00000029  P2OUT                            
0000002a  P2DIR                            
0000002b  P2IFG                            
0000002c  P2IES                            
0000002d  P2IE                             
0000002e  P2SEL                            
0000002f  P2REN                            
00000041  P1SEL2                           
00000042  P2SEL2                           
00000043  P3SEL2                           
00000048  ADC10DTC0                        
00000049  ADC10DTC1                        
0000004a  ADC10AE0                         
00000050  __STACK_SIZE                     
00000050  __SYSMEM_SIZE                    
00000053  BCSCTL3                          
00000056  DCOCTL                           
00000057  BCSCTL1                          
00000058  BCSCTL2                          
00000059  CACTL1                           
0000005a  CACTL2                           
0000005b  CAPD                             
0000005d  UCA0ABCTL                        
0000005e  UCA0IRTCTL                       
0000005f  UCA0IRRCTL                       
00000060  UCA0CTL0                         
00000061  UCA0CTL1                         
00000062  UCA0BR0                          
00000063  UCA0BR1                          
00000064  UCA0MCTL                         
00000065  UCA0STAT                         
00000066  UCA0RXBUF                        
00000067  UCA0TXBUF                        
00000068  UCB0CTL0                         
00000069  UCB0CTL1                         
0000006a  UCB0BR0                          
0000006b  UCB0BR1                          
0000006c  UCB0I2CIE                        
0000006d  UCB0STAT                         
0000006e  UCB0RXBUF                        
0000006f  UCB0TXBUF                        
00000118  UCB0I2COA                        
0000011a  UCB0I2CSA                        
0000011e  TA1IV                            
00000120  WDTCTL                           
00000128  FCTL1                            
0000012a  FCTL2                            
0000012c  FCTL3                            
0000012e  TA0IV                            
00000160  TA0CTL                           
00000162  TA0CCTL0                         
00000164  TA0CCTL1                         
00000166  TA0CCTL2                         
00000170  TA0R                             
00000172  TA0CCR0                          
00000174  TA0CCR1                          
00000176  TA0CCR2                          
00000180  TA1CTL                           
00000182  TA1CCTL0                         
00000184  TA1CCTL1                         
00000186  TA1CCTL2                         
00000190  TA1R                             
00000192  TA1CCR0                          
00000194  TA1CCR1                          
00000196  TA1CCR2                          
000001b0  ADC10CTL0                        
000001b2  ADC10CTL1                        
000001b4  ADC10MEM                         
000001bc  ADC10SA                          
00000200  Serial_UART                      
00000216  reg                              
00000220  reg1                             
0000022a  reg2                             
00000234  reg3                             
0000023e  reg4                             
0000024e  serNum                           
00000254  rc522                            
0000025a  Serial_SPI                       
0000025c  _sys_memory                      
000002ac  ENTRADA                          
000002c0  i                                
000002c2  l                                
000002c4  k                                
000002c6  inByteD                          
000002c8  _lock                            
000002ca  _unlock                          
000003b0  _stack                           
00000400  __STACK_END                      
000010c0  TLV_CHECKSUM                     
000010da  TLV_ADC10_1_TAG                  
000010db  TLV_ADC10_1_LEN                  
000010f6  TLV_DCO_30_TAG                   
000010f7  TLV_DCO_30_LEN                   
000010f8  CALDCO_16MHZ                     
000010f9  CALBC1_16MHZ                     
000010fa  CALDCO_12MHZ                     
000010fb  CALBC1_12MHZ                     
000010fc  CALDCO_8MHZ                      
000010fd  CALBC1_8MHZ                      
000010fe  CALDCO_1MHZ                      
000010ff  CALBC1_1MHZ                      
0000c000  main                             
0000c404  _ZN5Rc5226ToCardEhPhhS0_Pj       
0000c590  _Z12apagador_regv                
0000c6da  _Z11comandos_pcv                 
0000c7a0  malloc                           
0000c852  _Z4itoamPci                      
0000c8d8  free                             
0000c958  __TI_decompress_lzss             
0000c9d4  _ZN5Rc5224InitEv                 
0000ca46  _Z12Func_Printarii               
0000cab6  _ZN5Rc5228AnticollEPh            
0000cb1e  __TI_auto_init_nobinit           
0000cb7a  __mspabi_divul                   
0000cb7a  __mspabi_remul                   
0000cbd2  _ZN5Rc5227RequestEhPh            
0000cc22  _Z11USCI0RX_ISRv                 
0000cc6e  __mspabi_srli                    
0000cc7c  __mspabi_srli_15                 
0000cc80  __mspabi_srli_14                 
0000cc84  __mspabi_srli_13                 
0000cc88  __mspabi_srli_12                 
0000cc8c  __mspabi_srli_11                 
0000cc90  __mspabi_srli_10                 
0000cc94  __mspabi_srli_9                  
0000cc98  __mspabi_srli_8                  
0000cc9c  __mspabi_srli_7                  
0000cca0  __mspabi_srli_6                  
0000cca4  __mspabi_srli_5                  
0000cca8  __mspabi_srli_4                  
0000ccac  __mspabi_srli_3                  
0000ccb0  __mspabi_srli_2                  
0000ccb4  __mspabi_srli_1                  
0000ccba  _ZN16Serial_UARTClass4initEm     
0000cd04  _Z11USCI0TX_ISRv                 
0000cd46  _ZN5Rc5227ReadRegEh              
0000cd88  _ZN5Rc5228WriteRegEhh            
0000cdc6  _ZN16Serial_UARTClass5printEh    
0000ce02  _ZN5Rc522C1Eii                   
0000ce02  _ZN5Rc522C2Eii                   
0000ce3a  minit                            
0000ce72  _Z12Saida_Seriali                
0000cea0  _Z14Entrada_Seriali              
0000cece  _ZN16Serial_UARTClass7readIntEv  
0000cefc  _Z8pinModeAhhh                   
0000cf28  __mspabi_slli                    
0000cf34  __mspabi_slli_15                 
0000cf36  __mspabi_slli_14                 
0000cf38  __mspabi_slli_13                 
0000cf3a  __mspabi_slli_12                 
0000cf3c  __mspabi_slli_11                 
0000cf3e  __mspabi_slli_10                 
0000cf40  __mspabi_slli_9                  
0000cf42  __mspabi_slli_8                  
0000cf44  __mspabi_slli_7                  
0000cf46  __mspabi_slli_6                  
0000cf48  __mspabi_slli_5                  
0000cf4a  __mspabi_slli_4                  
0000cf4c  __mspabi_slli_3                  
0000cf4e  __mspabi_slli_2                  
0000cf50  __mspabi_slli_1                  
0000cf54  _Z7delaymsj                      
0000cf7c  _Z12Tente_Serialv                
0000cfa2  _ZN15Serial_SPIClass4initEv      
0000cfc8  _ZN16Serial_UARTClass4readEPhii  
0000cfee  _ZN16Serial_UARTClass5writeEPhii 
0000d014  _Z13digitalWriteAhhh             
0000d038  _ZN5Rc5229AntennaOnEv            
0000d05c  _Znwj                            
0000d080  _ZN5Rc52210SetBitMaskEhh         
0000d0a0  _ZN5Rc52212ClearBitMaskEhh       
0000d0c0  _Z7memcopyPvPKvj                 
0000d0de  _ZN16Serial_UARTClass5printEPKc  
0000d0fc  _c_int00_noargs                  
0000d118  _Z7strsizePKc                    
0000d130  __TI_zero_init_nomemset          
0000d144  memset                           
0000d158  __mspabi_mpyi                    
0000d158  __mspabi_mpyi_sw                 
0000d16c  __TI_decompress_none             
0000d17e  memcpy                           
0000d190  _ZN15Serial_SPIClass8transferEh  
0000d1a0  __mspabi_func_epilog_7           
0000d1a2  __mspabi_func_epilog_6           
0000d1a4  __mspabi_func_epilog_5           
0000d1a6  __mspabi_func_epilog_4           
0000d1a8  __mspabi_func_epilog_3           
0000d1aa  __mspabi_func_epilog_2           
0000d1ac  __mspabi_func_epilog_1           
0000d1b0  __sti___8_main_cpp_rc522         
0000d1be  _Z11Abrir_Portav                 
0000d1ca  _Z12Fechar_Portav                
0000d1d6  _ZN5Rc5225ResetEv                
0000d1e2  _ZdlPv                           
0000d1ec  _ZN16Serial_UARTClass9availableEv
0000d1f4  __TI_ISR_TRAP                    
0000d1fc  C$$EXIT                          
0000d1fc  _ZSt17__throw_bad_allocv         
0000d1fc  abort                            
0000d202  _ZdaPv                           
0000d206  _Znaj                            
0000d20a  _system_pre_init                 
0000d20e  _nop                             
0000d210  _system_post_cinit               
0000d4f6  __TI_INITARRAY_Base              
0000d4f8  __TI_INITARRAY_Limit             
0000d508  __TI_Handler_Table_Base          
0000d50e  __TI_Handler_Table_Limit         
0000d512  __TI_CINIT_Base                  
0000d51a  __TI_CINIT_Limit                 
0000ffe0  __TI_int00                       
0000ffe4  __TI_int02                       
0000ffe6  __TI_int03                       
0000ffea  __TI_int05                       
0000ffec  __TI_int06                       
0000ffee  __TI_int07                       
0000fff0  __TI_int08                       
0000fff2  __TI_int09                       
0000fff4  __TI_int10                       
0000fff6  __TI_int11                       
0000fff8  __TI_int12                       
0000fffa  __TI_int13                       
0000fffc  __TI_int14                       
0000fffe  _reset_vector                    
ffffffff  __TI_pprof_out_hndl              
ffffffff  __TI_prof_data_size              
ffffffff  __TI_prof_data_start             
ffffffff  __c_args__                       

[246 symbols]
